\BOOKMARK [1][-]{section*.4}{\376\377\000D\000a\000n\000h\000\040\000m\036\345\000c\000\040\000h\000\354\000n\000h\000\040\036\243\000n\000h}{}% 1
\BOOKMARK [1][-]{section*.6}{\376\377\000D\000a\000n\000h\000\040\000m\036\345\000c\000\040\000b\036\243\000n\000g\000\040\000b\000i\036\303\000u}{}% 2
\BOOKMARK [1][-]{section.1}{\376\377\000G\000i\036\333\000i\000\040\000t\000h\000i\036\307\000u}{}% 3
\BOOKMARK [2][-]{subsection.1.1}{\376\377\001\020\036\331\000n\000g\000\040\000c\001\241\000\040\000c\036\347\000a\000\040\001\021\036\301\000\040\000t\000\340\000i}{section.1}% 4
\BOOKMARK [2][-]{subsection.1.2}{\376\377\000M\036\345\000c\000\040\000t\000i\000\352\000u}{section.1}% 5
\BOOKMARK [2][-]{subsection.1.3}{\376\377\000P\000h\036\241\000m\000\040\000v\000i}{section.1}% 6
\BOOKMARK [2][-]{subsection.1.4}{\376\377\000\335\000\040\000n\000g\000h\001\051\000a}{section.1}% 7
\BOOKMARK [3][-]{subsubsection.1.4.1}{\376\377\000\335\000\040\000n\000g\000h\001\051\000a\000\040\000t\000h\036\361\000c\000\040\000t\000i\036\305\000n}{subsection.1.4}% 8
\BOOKMARK [3][-]{subsubsection.1.4.2}{\376\377\000\335\000\040\000n\000g\000h\001\051\000a\000\040\000k\000h\000o\000a\000\040\000h\036\315\000c}{subsection.1.4}% 9
\BOOKMARK [2][-]{subsection.1.5}{\376\377\000C\036\245\000u\000\040\000t\000r\000\372\000c\000\040\000b\000\341\000o\000\040\000c\000\341\000o}{section.1}% 10
\BOOKMARK [1][-]{section.2}{\376\377\000Q\000u\036\243\000n\000\040\000l\000\375\000\040\000d\036\361\000\040\000\341\000n\000\040\000v\000\340\000\040\000p\000h\000\342\000n\000\040\000c\000\364\000n\000g\000\040\000n\000h\000i\036\307\000m\000\040\000v\036\345}{}% 11
\BOOKMARK [2][-]{subsection.2.1}{\376\377\000P\000h\001\260\001\241\000n\000g\000\040\000p\000h\000\341\000p\000\040\000q\000u\036\243\000n\000\040\000l\000\375\000\040\000d\036\361\000\040\000\341\000n}{section.2}% 12
\BOOKMARK [2][-]{subsection.2.2}{\376\377\000C\000\364\000n\000g\000\040\000c\036\345\000\040\000q\000u\036\243\000n\000\040\000l\000\375\000\040\000v\000\340\000\040\000M\000\364\000i\000\040\000t\000r\001\260\036\335\000n\000g\000\040\000l\000\340\000m\000\040\000v\000i\036\307\000c\000\040\000n\000h\000\363\000m}{section.2}% 13
\BOOKMARK [2][-]{subsection.2.3}{\376\377\000P\000h\000\342\000n\000\040\000c\000\364\000n\000g\000\040\000v\000a\000i\000\040\000t\000r\000\362\000\040\000v\000\340\000\040\000c\000h\000i\000\040\000t\000i\036\277\000t\000\040\000n\000h\000i\036\307\000m\000\040\000v\036\345}{section.2}% 14
\BOOKMARK [2][-]{subsection.2.4}{\376\377\000T\000i\036\277\000n\000\040\001\021\036\331\000\040\000t\000h\036\361\000c\000\040\000h\000i\036\307\000n\000\040\001\021\036\323\000\040\000\341\000n}{section.2}% 15
\BOOKMARK [1][-]{section.3}{\376\377\000K\000i\036\277\000n\000\040\000t\000h\036\351\000c\000\040\000v\000\340\000\040\000c\000\364\000n\000g\000\040\000n\000g\000h\036\307\000\040\000n\036\301\000n\000\040\000t\036\243\000n\000g}{}% 16
\BOOKMARK [2][-]{subsection.3.1}{\376\377\000K\000i\036\277\000n\000\040\000t\000h\036\351\000c\000\040\000n\036\301\000n\000\040\000t\036\243\000n\000g}{section.3}% 17
\BOOKMARK [3][-]{subsubsection.3.1.1}{\376\377\000T\036\325\000n\000g\000\040\000q\000u\000a\000n\000\040\000v\036\301\000\040\000K\000h\000o\000\040\000d\036\357\000\040\000l\000i\036\307\000u\000\040\000\050\000D\000a\000t\000a\000\040\000W\000a\000r\000e\000h\000o\000u\000s\000e\000\051}{subsection.3.1}% 18
\BOOKMARK [3][-]{subsubsection.3.1.2}{\376\377\000L\000\375\000\040\000t\000h\000u\000y\036\277\000t\000\040\000v\036\301\000\040\000C\001\241\000\040\000s\036\337\000\040\000d\036\357\000\040\000l\000i\036\307\000u\000\040\000q\000u\000a\000n\000\040\000h\036\307\000\040\000v\000\340\000\040\000S\000Q\000L}{subsection.3.1}% 19
\BOOKMARK [3][-]{subsubsection.3.1.3}{\376\377\000H\036\307\000\040\000t\000h\036\321\000n\000g\000\040\000t\000h\000\364\000n\000g\000\040\000t\000i\000n\000\040\001\021\036\313\000a\000\040\000l\000\375\000\040\000\050\000G\000I\000S\000\051\000\040\000v\000\340\000\040\000D\036\357\000\040\000l\000i\036\307\000u\000\040\000k\000h\000\364\000n\000g\000\040\000g\000i\000a\000n}{subsection.3.1}% 20
\BOOKMARK [3][-]{subsubsection.3.1.4}{\376\377\000L\000\375\000\040\000t\000h\000u\000y\036\277\000t\000\040\000v\036\301\000\040\000G\000i\000a\000o\000\040\000t\000h\000\364\000n\000g}{subsection.3.1}% 21
\BOOKMARK [2][-]{subsection.3.2}{\376\377\000C\001\241\000\040\000s\036\337\000\040\000l\000\375\000\040\000t\000h\000u\000y\036\277\000t\000\040\000t\000h\000u\036\255\000t\000\040\000t\000o\000\341\000n\000\040\000v\000\340\000\040\000h\036\307\000\040\000t\000h\036\321\000n\000g}{section.3}% 22
\BOOKMARK [2][-]{subsection.3.3}{\376\377\000C\000\364\000n\000g\000\040\000n\000g\000h\036\307\000\040\000s\036\355\000\040\000d\036\345\000n\000g}{section.3}% 23
\BOOKMARK [3][-]{subsubsection.3.3.1}{\376\377\000N\000g\000\364\000n\000\040\000n\000g\036\357\000\040\000l\036\255\000p\000\040\000t\000r\000\354\000n\000h\000\040\000P\000y\000t\000h\000o\000n}{subsection.3.3}% 24
\BOOKMARK [3][-]{subsubsection.3.3.2}{\376\377\000H\036\307\000\040\000q\000u\036\243\000n\000\040\000t\000r\036\313\000\040\000c\001\241\000\040\000s\036\337\000\040\000d\036\357\000\040\000l\000i\036\307\000u\000\040\000P\000o\000s\000t\000g\000r\000e\000S\000Q\000L}{subsection.3.3}% 25
\BOOKMARK [3][-]{subsubsection.3.3.3}{\376\377\000P\000h\036\247\000n\000\040\000m\036\337\000\040\000r\036\331\000n\000g\000\040\000k\000h\000\364\000n\000g\000\040\000g\000i\000a\000n\000\040\000P\000o\000s\000t\000G\000I\000S}{subsection.3.3}% 26
\BOOKMARK [3][-]{subsubsection.3.3.4}{\376\377\000C\000\341\000c\000\040\000n\000g\000u\036\323\000n\000\040\000d\036\357\000\040\000l\000i\036\307\000u\000\040\000v\000\340\000\040\000A\000P\000I\000\040\000\050\000D\000a\000t\000a\000\040\000P\000r\000o\000v\000i\000d\000e\000r\000s\000\051}{subsection.3.3}% 27
\BOOKMARK [3][-]{subsubsection.3.3.5}{\376\377\000C\000\364\000n\000g\000\040\000c\036\345\000\040\000t\036\361\000\040\001\021\036\331\000n\000g\000\040\000h\000\363\000a}{subsection.3.3}% 28
\BOOKMARK [3][-]{subsubsection.3.3.6}{\376\377\000C\000\364\000n\000g\000\040\000n\000g\000h\036\307\000\040\000x\000\342\000y\000\040\000d\036\361\000n\000g\000\040\000M\000\341\000y\000\040\000c\000h\036\347\000\040\000\050\000B\000a\000c\000k\000e\000n\000d\000\040\000F\000r\000a\000m\000e\000w\000o\000r\000k\000\051}{subsection.3.3}% 29
\BOOKMARK [3][-]{subsubsection.3.3.7}{\376\377\000C\000\364\000n\000g\000\040\000n\000g\000h\036\307\000\040\000x\000\342\000y\000\040\000d\036\361\000n\000g\000\040\000G\000i\000a\000o\000\040\000d\000i\036\307\000n\000\040\000\050\000F\000r\000o\000n\000t\000e\000n\000d\000\040\000F\000r\000a\000m\000e\000w\000o\000r\000k\000\051}{subsection.3.3}% 30
\BOOKMARK [3][-]{subsubsection.3.3.8}{\376\377\000C\000\364\000n\000g\000\040\000n\000g\000h\036\307\000\040\000T\000r\000i\036\303\000n\000\040\000k\000h\000a\000i\000\040\000v\000\340\000\040\001\020\000\341\000m\000\040\000m\000\342\000y\000\040\000\050\000D\000e\000p\000l\000o\000y\000m\000e\000n\000t\000\040\000\046\000\040\000C\000l\000o\000u\000d\000\040\000S\000e\000r\000v\000i\000c\000e\000s\000\051}{subsection.3.3}% 31
\BOOKMARK [2][-]{subsection.3.4}{\376\377\000K\036\277\000t\000\040\000c\000h\001\260\001\241\000n\000g}{section.3}% 32
\BOOKMARK [1][-]{section.4}{\376\377\000C\000\364\000n\000g\000\040\000t\000r\000\354\000n\000h\000\040\000l\000i\000\352\000n\000\040\000q\000u\000a\000n}{}% 33
\BOOKMARK [2][-]{subsection.4.1}{\376\377\000C\000\341\000c\000\040\000b\000\340\000i\000\040\000b\000\341\000o\000\040\000v\000\340\000\040\000n\000g\000h\000i\000\352\000n\000\040\000c\036\351\000u\000\040\001\021\000\343\000\040\000x\000e\000m\000\040\000x\000\351\000t}{section.4}% 34
\BOOKMARK [3][-]{subsubsection.4.1.1}{\376\377\000N\000h\000\363\000m\000\040\000n\000g\000h\000i\000\352\000n\000\040\000c\036\351\000u\000\040\000v\036\301\000\040\000k\000i\036\277\000n\000\040\000t\000r\000\372\000c\000\040\000K\000h\000o\000\040\000d\036\357\000\040\000l\000i\036\307\000u\000\040\000g\000i\000a\000o\000\040\000t\000h\000\364\000n\000g\000\040\000t\000r\000u\000y\036\301\000n\000\040\000t\000h\036\321\000n\000g}{subsection.4.1}% 35
\BOOKMARK [3][-]{subsubsection.4.1.2}{\376\377\000N\000h\000\363\000m\000\040\000n\000g\000h\000i\000\352\000n\000\040\000c\036\351\000u\000\040\000v\036\301\000\040\000K\000h\000o\000\040\000d\036\357\000\040\000l\000i\036\307\000u\000\040\000l\036\333\000n\000\040\000v\000\340\000\040\000T\000\355\000c\000h\000\040\000h\036\343\000p\000\040\000A\000I}{subsection.4.1}% 36
\BOOKMARK [3][-]{subsubsection.4.1.3}{\376\377\000N\000h\000\363\000m\000\040\000n\000g\000h\000i\000\352\000n\000\040\000c\036\351\000u\000\040\000v\036\301\000\040\000T\000h\000u\036\255\000t\000\040\000t\000o\000\341\000n\000\040\000d\036\253\000n\000\040\001\021\001\260\036\335\000n\000g\000\040\000v\000\340\000\040\000N\036\331\000i\000\040\000s\000u\000y\000\040\000d\036\357\000\040\000l\000i\036\307\000u}{subsection.4.1}% 37
\BOOKMARK [2][-]{subsection.4.2}{\376\377\000C\000\341\000c\000\040\000p\000h\036\247\000n\000\040\000m\036\301\000m\000\040\000v\000\340\000\040\000h\036\307\000\040\000t\000h\036\321\000n\000g\000\040\000h\000i\036\307\000n\000\040\000c\000\363\000\040\000\050\000S\000o\000f\000t\000w\000a\000r\000e\000s\000/\000t\000o\000o\000l\000s\000/\000s\000y\000s\000t\000e\000m\000s\000\051}{section.4}% 38
\BOOKMARK [3][-]{subsubsection.4.2.1}{\376\377\000C\036\325\000n\000g\000\040\000t\000h\000\364\000n\000g\000\040\000t\000i\000n\000\040\000g\000i\000a\000o\000\040\000t\000h\000\364\000n\000g\000\040\000T\000P\000.\000H\000C\000M\000\040\000\050\000g\000i\000a\000o\000t\000h\000o\000n\000g\000.\000h\000o\000c\000h\000i\000m\000i\000n\000h\000c\000i\000t\000y\000.\000g\000o\000v\000.\000v\000n\000\051}{subsection.4.2}% 39
\BOOKMARK [3][-]{subsubsection.4.2.2}{\376\377\000H\036\307\000\040\000t\000h\036\321\000n\000g\000\040\000U\000T\000r\000a\000f\000f\000i\000c\000\040\000\050\000b\000k\000t\000r\000a\000f\000f\000i\000c\000.\000c\000o\000m\000\051}{subsection.4.2}% 40
\BOOKMARK [3][-]{subsubsection.4.2.3}{\376\377\000C\000\341\000c\000\040\000n\036\301\000n\000\040\000t\036\243\000n\000g\000\040\000d\036\357\000\040\000l\000i\036\307\000u\000\040\000h\000i\036\307\000n\000\040\001\021\036\241\000i\000\040\000\050\000M\000o\000d\000e\000r\000n\000\040\000D\000a\000t\000a\000\040\000P\000l\000a\000t\000f\000o\000r\000m\000\040\000-\000\040\000S\000n\000o\000w\000f\000l\000a\000k\000e\000/\000D\000a\000t\000a\000b\000r\000i\000c\000k\000s\000\051}{subsection.4.2}% 41
\BOOKMARK [2][-]{subsection.4.3}{\376\377\000K\000h\000o\036\243\000n\000g\000\040\000t\000r\036\321\000n\000g\000\040\000n\000g\000h\000i\000\352\000n\000\040\000c\036\351\000u}{section.4}% 42
\BOOKMARK [1][-]{section.5}{\376\377\000N\000g\000h\000i\036\307\000p\000\040\000v\036\345\000\040\000t\000h\036\321\000n\000g\000\040\000k\000\352\000,\000\040\000d\036\361\000\040\000b\000\341\000o\000,\000\040\000h\036\327\000\040\000t\000r\036\343\000\040\000r\000a\000\040\000q\000u\000y\036\277\000t\000\040\001\021\036\313\000n\000h}{}% 43
\BOOKMARK [2][-]{subsection.5.1}{\376\377\000P\000h\000\342\000n\000\040\000t\000\355\000c\000h\000\040\000h\000i\036\307\000n\000\040\000t\000r\036\241\000n\000g\000\040\000c\000\341\000c\000\040\000h\036\307\000\040\000t\000h\036\321\000n\000g\000\040\000t\000h\000\364\000n\000g\000\040\000t\000i\000n\000\040\000g\000i\000a\000o\000\040\000t\000h\000\364\000n\000g\000\040\000h\000i\036\307\000n\000\040\000c\000\363}{section.5}% 44
\BOOKMARK [3][-]{subsubsection.5.1.1}{\376\377\000K\000h\036\243\000o\000\040\000s\000\341\000t\000\040\000C\036\325\000n\000g\000\040\000t\000h\000\364\000n\000g\000\040\000t\000i\000n\000\040\000g\000i\000a\000o\000\040\000t\000h\000\364\000n\000g\000\040\000T\000P\000.\000H\000C\000M\000\040\000\050\000g\000i\000a\000o\000t\000h\000o\000n\000g\000.\000h\000o\000c\000h\000i\000m\000i\000n\000h\000c\000i\000t\000y\000.\000g\000o\000v\000.\000v\000n\000\051}{subsection.5.1}% 45
\BOOKMARK [3][-]{subsubsection.5.1.2}{\376\377\000K\000h\036\243\000o\000\040\000s\000\341\000t\000\040\000H\036\307\000\040\000t\000h\036\321\000n\000g\000\040\000B\000K\000T\000r\000a\000f\000f\000i\000c\000\040\000\050\000b\000k\000t\000r\000a\000f\000f\000i\000c\000.\000c\000o\000m\000\051}{subsection.5.1}% 46
\BOOKMARK [3][-]{subsubsection.5.1.3}{\376\377\000K\000h\000o\036\243\000n\000g\000\040\000t\000r\036\321\000n\000g\000\040\000n\000g\000h\000i\036\307\000p\000\040\000v\036\345\000\040\000v\000\340\000\040\000S\036\361\000\040\000c\036\247\000n\000\040\000t\000h\000i\036\277\000t\000\040\000c\036\347\000a\000\040\000D\000a\000t\000a\000\040\000W\000a\000r\000e\000h\000o\000u\000s\000e}{subsection.5.1}% 47
\BOOKMARK [2][-]{subsection.5.2}{\376\377\001\020\036\267\000c\000\040\000t\036\243\000\040\000c\000\341\000c\000\040\000n\000g\000h\000i\036\307\000p\000\040\000v\036\345\000\040\000P\000h\000\342\000n\000\040\000t\000\355\000c\000h\000\040\000v\000\340\000\040\000H\036\327\000\040\000t\000r\036\343\000\040\000r\000a\000\040\000q\000u\000y\036\277\000t\000\040\001\021\036\313\000n\000h}{section.5}% 48
\BOOKMARK [3][-]{subsubsection.5.2.1}{\376\377\000N\000h\000\363\000m\000\040\000n\000g\000h\000i\036\307\000p\000\040\000v\036\345\000\040\000T\000h\036\321\000n\000g\000\040\000k\000\352\000\040\000m\000\364\000\040\000t\036\243\000\040\000v\000\340\000\040\000G\000i\000\341\000m\000\040\000s\000\341\000t\000\040\000\050\000D\000e\000s\000c\000r\000i\000p\000t\000i\000v\000e\000\040\000A\000n\000a\000l\000y\000t\000i\000c\000s\000\051}{subsection.5.2}% 49
\BOOKMARK [3][-]{subsubsection.5.2.2}{\376\377\000N\000h\000\363\000m\000\040\000n\000g\000h\000i\036\307\000p\000\040\000v\036\345\000\040\000P\000h\000\342\000n\000\040\000t\000\355\000c\000h\000\040\000d\036\361\000\040\000b\000\341\000o\000\040\000\050\000P\000r\000e\000d\000i\000c\000t\000i\000v\000e\000\040\000A\000n\000a\000l\000y\000t\000i\000c\000s\000\051}{subsection.5.2}% 50
\BOOKMARK [3][-]{subsubsection.5.2.3}{\376\377\000N\000h\000\363\000m\000\040\000n\000g\000h\000i\036\307\000p\000\040\000v\036\345\000\040\000H\036\327\000\040\000t\000r\036\343\000\040\000r\000a\000\040\000q\000u\000y\036\277\000t\000\040\001\021\036\313\000n\000h\000\040\000\050\000P\000r\000e\000s\000c\000r\000i\000p\000t\000i\000v\000e\000\040\000A\000n\000a\000l\000y\000t\000i\000c\000s\000\051}{subsection.5.2}% 51
\BOOKMARK [2][-]{subsection.5.3}{\376\377\000K\036\277\000t\000\040\000c\000h\001\260\001\241\000n\000g}{section.5}% 52
\BOOKMARK [1][-]{section.6}{\376\377\000T\000h\000i\036\277\000t\000\040\000k\036\277\000\040\000D\000a\000t\000a\000W\000a\000r\000e\000h\000o\000u\000s\000e\000\040\000S\000c\000h\000e\000m\000a}{}% 53
\BOOKMARK [2][-]{subsection.6.1}{\376\377\000Q\000u\000\341\000\040\000t\000r\000\354\000n\000h\000\040\000t\000h\000i\036\277\000t\000\040\000k\036\277}{section.6}% 54
\BOOKMARK [3][-]{subsubsection.6.1.1}{\376\377\000T\000h\000i\036\277\000t\000\040\000k\036\277\000\040\000D\000W\000\040\000S\000c\000h\000e\000m\000a\000\040\000t\000h\000e\000o\000\040\000l\000\375\000\040\000t\000h\000u\000y\036\277\000t\000,\000\040\000g\000\363\000c\000\040\000n\000h\000\354\000n\000\040\000c\000\341\000\040\000n\000h\000\342\000n\000/\000c\000h\036\347\000\040\000q\000u\000a\000n\000\040\000v\036\301\000\040\000g\000i\000a\000o\000\040\000t\000h\000\364\000n\000g}{subsection.6.1}% 55
\BOOKMARK [0][-]{subsubsubsection.6.1.1.1}{\376\377\000T\000i\036\277\000p\000\040\000c\036\255\000n\000\040\000m\000\364\000\040\000h\000\354\000n\000h\000\040\000S\000t\000a\000r\000\040\000S\000c\000h\000e\000m\000a\000\040\001\021\036\331\000c\000\040\000l\036\255\000p}{}% 56
\BOOKMARK [0][-]{subsubsubsection.6.1.1.2}{\376\377\000T\000h\000i\036\277\000t\000\040\000k\036\277\000\040\000c\000\341\000c\000\040\000b\036\243\000n\000g\000\040\000D\000i\000m\000e\000n\000s\000i\000o\000n\000\040\000d\036\361\000a\000\040\000t\000r\000\352\000n\000\040\000q\000u\000a\000n\000\040\000s\000\341\000t\000\040\000c\000h\036\347\000\040\000q\000u\000a\000n}{}% 57
\BOOKMARK [0][-]{subsubsubsection.6.1.1.3}{\376\377\000K\036\277\000t\000\040\000l\000u\036\255\000n\000\040\000v\036\301\000\040\000t\000h\000i\036\277\000t\000\040\000k\036\277\000\040\000s\001\241\000\040\000k\000h\036\337\000i}{}% 58
\BOOKMARK [1][-]{subsubsection.6.1.2}{\376\377\000P\000h\000\342\000n\000\040\000t\000\355\000c\000h\000\040\000n\000g\000h\000i\036\307\000p\000\040\000v\036\345\000\040\000n\000\342\000n\000g\000\040\000c\000a\000o\000\040\000v\000\340\000\040\000x\000\342\000y\000\040\000d\036\361\000n\000g\000\040\000m\000\364\000\040\000h\000\354\000n\000h\000\040\000G\000a\000l\000a\000x\000y\000\040\000S\000c\000h\000e\000m\000a}{subsubsubsection.6.1.1.3}% 59
\BOOKMARK [0][-]{subsubsubsection.6.1.2.1}{\376\377\000P\000h\000\342\000n\000\040\000t\000\355\000c\000h\000\040\000m\000a\000\040\000t\000r\036\255\000n\000\040\000n\000g\000h\000i\036\307\000p\000\040\000v\036\345}{}% 60
\BOOKMARK [0][-]{subsubsubsection.6.1.2.2}{\376\377\000T\000\341\000i\000\040\000t\000h\000i\036\277\000t\000\040\000k\036\277\000\040\000c\000\341\000c\000\040\000C\000o\000n\000f\000o\000r\000m\000e\000d\000\040\000D\000i\000m\000e\000n\000s\000i\000o\000n\000s}{}% 61
\BOOKMARK [0][-]{subsubsubsection.6.1.2.3}{\376\377\000T\000h\000i\036\277\000t\000\040\000k\036\277\000\040\000c\000\341\000c\000\040\000b\036\243\000n\000g\000\040\000F\000a\000c\000t\000\040\000t\000h\000e\000o\000\040\000n\000g\000h\000i\036\307\000p\000\040\000v\036\345}{}% 62
\BOOKMARK [0][-]{subsubsubsection.6.1.2.4}{\376\377\000T\036\325\000n\000g\000\040\000q\000u\000a\000n\000\040\000q\000u\000\341\000\040\000t\000r\000\354\000n\000h\000\040\000c\000h\000u\000y\036\303\000n\000\040\001\021\036\325\000i}{}% 63
\BOOKMARK [1][-]{subsubsection.6.1.3}{\376\377\000P\000h\000\342\000n\000\040\000t\000\355\000c\000h\000\040\000t\000\355\000n\000h\000\040\000k\000h\036\243\000\040\000t\000h\000i}{subsubsubsection.6.1.2.4}% 64
\BOOKMARK [0][-]{subsubsubsection.6.1.3.1}{\376\377\000T\000o\000m\000T\000o\000m}{}% 65
\BOOKMARK [0][-]{subsubsubsection.6.1.3.2}{\376\377\000G\000o\000o\000g\000l\000e\000\040\000M\000a\000p\000s}{}% 66
\BOOKMARK [0][-]{subsubsubsection.6.1.3.3}{\376\377\000O\000p\000e\000n\000S\000t\000r\000e\000e\000t\000M\000a\000p}{}% 67
\BOOKMARK [1][-]{subsection.6.2}{\376\377\000K\036\277\000t\000\040\000q\000u\036\243}{subsubsubsection.6.1.3.3}% 68
\BOOKMARK [2][-]{subsubsection.6.2.1}{\376\377\000T\036\325\000n\000g\000\040\000q\000u\000a\000n\000\040\000t\000o\000\340\000n\000\040\000b\036\331\000\040\000G\000a\000l\000a\000x\000y\000\040\000S\000c\000h\000e\000m\000a}{subsection.6.2}% 69
\BOOKMARK [3][-]{subsubsection.6.2.2}{\376\377\000B\036\243\000n\000g\000\040\000F\000a\000c\000t}{subsubsection.6.2.1}% 70
\BOOKMARK [3][-]{subsubsection.6.2.3}{\376\377\000B\036\243\000n\000g\000\040\000D\000i\000m}{subsubsection.6.2.1}% 71
\BOOKMARK [2][-]{subsection.6.3}{\376\377\000K\036\277\000t\000\040\000c\000h\001\260\001\241\000n\000g}{subsection.6.2}% 72
\BOOKMARK [1][-]{section.7}{\376\377\036\350\000n\000g\000\040\000d\036\345\000n\000g\000\040\000S\000c\000h\000e\000m\000a\000\040\000v\000\340\000o\000\040\000t\000h\036\361\000c\000\040\000t\000i\036\305\000n}{subsubsubsection.6.1.3.3}% 73
\BOOKMARK [2][-]{subsection.7.1}{\376\377\000N\000h\000\363\000m\000\040\000n\000g\000h\000i\036\307\000p\000\040\000v\036\345\000\040\000t\000h\036\321\000n\000g\000\040\000k\000\352\000\040\000m\000\364\000\040\000t\036\243\000\040\000v\000\340\000\040\000g\000i\000\341\000m\000\040\000s\000\341\000t}{section.7}% 74
\BOOKMARK [3][-]{subsubsection.7.1.1}{\376\377\000A\0001\000:\000\040\000G\000i\000\341\000m\000\040\000s\000\341\000t\000\040\000t\036\321\000c\000\040\001\021\036\331\000\040\000t\000r\000u\000n\000g\000\040\000b\000\354\000n\000h\000\040\000t\000h\036\335\000i\000\040\000g\000i\000a\000n\000\040\000t\000h\036\361\000c}{subsection.7.1}% 75
\BOOKMARK [0][-]{subsubsubsection.7.1.1.1}{\376\377\000T\000h\000\340\000n\000h\000\040\000p\000h\036\247\000n\000\040\000d\036\357\000\040\000l\000i\036\307\000u\000\040\000t\000r\000o\000n\000g\000\040\000S\000c\000h\000e\000m\000a}{}% 76
\BOOKMARK [0][-]{subsubsubsection.7.1.1.2}{\376\377\000T\000h\000u\036\255\000t\000\040\000t\000o\000\341\000n\000\040\000x\036\355\000\040\000l\000\375\000\040\000d\036\357\000\040\000l\000i\036\307\000u}{}% 77
\BOOKMARK [1][-]{subsubsection.7.1.2}{\376\377\000A\0002\000:\000\040\001\020\000\341\000n\000h\000\040\000g\000i\000\341\000\040\000M\036\351\000c\000\040\001\021\036\331\000\040\000t\036\257\000c\000\040\000n\000g\000h\036\275\000n}{subsubsubsection.7.1.1.2}% 78
\BOOKMARK [0][-]{subsubsubsection.7.1.2.1}{\376\377\000T\000h\000\340\000n\000h\000\040\000p\000h\036\247\000n\000\040\000d\036\357\000\040\000l\000i\036\307\000u\000\040\000t\000r\000o\000n\000g\000\040\000S\000c\000h\000e\000m\000a}{}% 79
\BOOKMARK [0][-]{subsubsubsection.7.1.2.2}{\376\377\000T\000h\000u\036\255\000t\000\040\000t\000o\000\341\000n\000\040\000v\000\340\000\040\000m\000\364\000\040\000h\000\354\000n\000h\000\040\000t\000\355\000n\000h\000\040\000t\000o\000\341\000n}{}% 80
\BOOKMARK [0][-]{subsubsubsection.7.1.2.3}{\376\377\000L\000o\000g\000i\000c\000\040\000c\000h\000u\036\251\000n\000\040\000h\000\363\000a\000\040\000s\000a\000n\000g\000\040\000t\000h\000a\000n\000g\000\040\001\021\000i\036\303\000m\000\040\0001\040\023\0005}{}% 81
\BOOKMARK [1][-]{subsubsection.7.1.3}{\376\377\000A\0003\000:\000\040\000P\000h\000\342\000n\000\040\000t\000\355\000c\000h\000\040\000t\000h\036\335\000i\000\040\000g\000i\000a\000n\000\040\000d\000i\000\040\000c\000h\000u\000y\036\303\000n\000\040\001\021\036\267\000c\000\040\000t\000r\001\260\000n\000g}{subsubsubsection.7.1.2.3}% 82
\BOOKMARK [0][-]{subsubsubsection.7.1.3.1}{\376\377\000T\000h\000\340\000n\000h\000\040\000p\000h\036\247\000n\000\040\000d\036\357\000\040\000l\000i\036\307\000u\000\040\000t\000r\000o\000n\000g\000\040\000S\000c\000h\000e\000m\000a}{}% 83
\BOOKMARK [0][-]{subsubsubsection.7.1.3.2}{\376\377\000T\000h\000u\036\255\000t\000\040\000t\000o\000\341\000n\000\040\000v\000\340\000\040\000m\000\364\000\040\000h\000\354\000n\000h\000\040\000t\000\355\000n\000h\000\040\000t\000o\000\341\000n}{}% 84
\BOOKMARK [1][-]{subsubsection.7.1.4}{\376\377\000A\0004\000:\000\040\000C\000h\036\311\000\040\000s\036\321\000\040\001\021\036\331\000\040\000t\000i\000n\000\040\000c\036\255\000y\000\040\000t\000h\036\335\000i\000\040\000g\000i\000a\000n}{subsubsubsection.7.1.3.2}% 85
\BOOKMARK [0][-]{subsubsubsection.7.1.4.1}{\376\377\000T\000h\000\340\000n\000h\000\040\000p\000h\036\247\000n\000\040\000d\036\357\000\040\000l\000i\036\307\000u\000\040\000t\000r\000o\000n\000g\000\040\000S\000c\000h\000e\000m\000a}{}% 86
\BOOKMARK [0][-]{subsubsubsection.7.1.4.2}{\376\377\000T\000h\000u\036\255\000t\000\040\000t\000o\000\341\000n\000\040\000v\000\340\000\040\000m\000\364\000\040\000h\000\354\000n\000h\000\040\000t\000\355\000n\000h\000\040\000t\000o\000\341\000n}{}% 87
\BOOKMARK [1][-]{subsubsection.7.1.5}{\376\377\000A\0005\000:\000\040\000T\000h\036\321\000n\000g\000\040\000k\000\352\000\040\001\021\000i\036\303\000m\000\040\000n\000\363\000n\000g\000\040\000s\036\361\000\040\000c\036\321}{subsubsubsection.7.1.4.2}% 88
\BOOKMARK [0][-]{subsubsubsection.7.1.5.1}{\376\377\000T\000h\000\340\000n\000h\000\040\000p\000h\036\247\000n\000\040\000d\036\357\000\040\000l\000i\036\307\000u\000\040\000t\000r\000o\000n\000g\000\040\000S\000c\000h\000e\000m\000a}{}% 89
\BOOKMARK [0][-]{subsubsubsection.7.1.5.2}{\376\377\000T\000h\000u\036\255\000t\000\040\000t\000o\000\341\000n\000\040\000v\000\340\000\040\000m\000\364\000\040\000h\000\354\000n\000h\000\040\000t\000\355\000n\000h\000\040\000t\000o\000\341\000n}{}% 90
\BOOKMARK [1][-]{subsubsection.7.1.6}{\376\377\000A\0006\000:\000\040\000P\000h\000\342\000n\000\040\000t\000\355\000c\000h\000\040\000t\000\341\000c\000\040\001\021\036\331\000n\000g\000\040\000c\036\347\000a\000\040\000t\000h\036\335\000i\000\040\000t\000i\036\277\000t\000\040\001\021\036\277\000n\000\040\000t\036\321\000c\000\040\001\021\036\331}{subsubsubsection.7.1.5.2}% 91
\BOOKMARK [0][-]{subsubsubsection.7.1.6.1}{\376\377\000T\000h\000\340\000n\000h\000\040\000p\000h\036\247\000n\000\040\000d\036\357\000\040\000l\000i\036\307\000u\000\040\000t\000r\000o\000n\000g\000\040\000S\000c\000h\000e\000m\000a}{}% 92
\BOOKMARK [0][-]{subsubsubsection.7.1.6.2}{\376\377\000T\000h\000u\036\255\000t\000\040\000t\000o\000\341\000n\000\040\000v\000\340\000\040\000m\000\364\000\040\000h\000\354\000n\000h\000\040\000t\000\355\000n\000h\000\040\000t\000o\000\341\000n}{}% 93
\BOOKMARK [1][-]{subsubsection.7.1.7}{\376\377\000A\0007\000:\000\040\001\020\000\341\000n\000h\000\040\000g\000i\000\341\000\040\000h\000i\036\307\000u\000\040\000q\000u\036\243\000\040\000h\036\307\000\040\000t\000h\036\321\000n\000g\000\040\000g\036\343\000i\000\040\000\375}{subsubsubsection.7.1.6.2}% 94
\BOOKMARK [0][-]{subsubsubsection.7.1.7.1}{\376\377\000T\000h\000\340\000n\000h\000\040\000p\000h\036\247\000n\000\040\000d\036\357\000\040\000l\000i\036\307\000u\000\040\000t\000r\000o\000n\000g\000\040\000S\000c\000h\000e\000m\000a}{}% 95
\BOOKMARK [0][-]{subsubsubsection.7.1.7.2}{\376\377\000T\000h\000u\036\255\000t\000\040\000t\000o\000\341\000n\000\040\000v\000\340\000\040\000m\000\364\000\040\000h\000\354\000n\000h\000\040\000t\000\355\000n\000h\000\040\000t\000o\000\341\000n}{}% 96
\BOOKMARK [1][-]{subsubsection.7.1.8}{\376\377\000A\0008\000:\000\040\000T\000h\000u\000\040\000t\000h\036\255\000p\000\040\000p\000h\036\243\000n\000\040\000h\036\323\000i\000\040\000c\000h\000u\000y\036\277\000n\000\040\001\021\000i\000\040}{subsubsubsection.7.1.7.2}% 97
\BOOKMARK [0][-]{subsubsubsection.7.1.8.1}{\376\377\000T\000h\000\340\000n\000h\000\040\000p\000h\036\247\000n\000\040\000d\036\357\000\040\000l\000i\036\307\000u\000\040\000t\000r\000o\000n\000g\000\040\000S\000c\000h\000e\000m\000a}{}% 98
\BOOKMARK [0][-]{subsubsubsection.7.1.8.2}{\376\377\000T\000h\000u\036\255\000t\000\040\000t\000o\000\341\000n\000\040\000v\000\340\000\040\000m\000\364\000\040\000h\000\354\000n\000h\000\040\000t\000\355\000n\000h\000\040\000t\000o\000\341\000n}{}% 99
\BOOKMARK [1][-]{subsubsection.7.1.9}{\376\377\000A\0009\000:\000\040\000P\000h\000\342\000n\000\040\000b\036\321\000\040\000l\001\260\000u\000\040\000l\001\260\036\343\000n\000g\000\040\000t\000h\000e\000o\000\040\000l\000o\036\241\000i\000\040\000x\000e}{subsubsubsection.7.1.8.2}% 100
\BOOKMARK [0][-]{subsubsubsection.7.1.9.1}{\376\377\000T\000h\000\340\000n\000h\000\040\000p\000h\036\247\000n\000\040\000d\036\357\000\040\000l\000i\036\307\000u\000\040\000t\000r\000o\000n\000g\000\040\000S\000c\000h\000e\000m\000a}{}% 101
\BOOKMARK [0][-]{subsubsubsection.7.1.9.2}{\376\377\000T\000h\000u\036\255\000t\000\040\000t\000o\000\341\000n\000\040\000v\000\340\000\040\000m\000\364\000\040\000h\000\354\000n\000h\000\040\000t\000\355\000n\000h\000\040\000t\000o\000\341\000n}{}% 102
\BOOKMARK [1][-]{subsection.7.2}{\376\377\000N\000h\000\363\000m\000\040\000n\000g\000h\000i\036\307\000p\000\040\000v\036\345\000\040\000P\000h\000\342\000n\000\040\000t\000\355\000c\000h\000\040\000d\036\361\000\040\000b\000\341\000o\000\040\000\050\000P\000r\000e\000d\000i\000c\000t\000i\000v\000e\000\040\000A\000n\000a\000l\000y\000t\000i\000c\000s\000\051}{subsubsubsection.7.1.9.2}% 103
\BOOKMARK [2][-]{subsubsection.7.2.1}{\376\377\000N\000g\000h\000i\036\307\000p\000\040\000v\036\345\000\040\000B\0001\000:\000\040\000D\036\361\000\040\000b\000\341\000o\000\040\000t\036\321\000c\000\040\001\021\036\331\000\040\000n\000g\036\257\000n\000\040\000h\036\241\000n\000\040\000\050\000S\000h\000o\000r\000t\000-\000t\000e\000r\000m\000\040\000S\000p\000e\000e\000d\000\040\000P\000r\000e\000d\000i\000c\000t\000i\000o\000n\000\051}{subsection.7.2}% 104
\BOOKMARK [0][-]{subsubsubsection.7.2.1.1}{\376\377\000M\036\345\000c\000\040\001\021\000\355\000c\000h\000\040\000v\000\340\000\040\000p\000h\036\241\000m\000\040\000v\000i}{}% 105
\BOOKMARK [0][-]{subsubsubsection.7.2.1.2}{\376\377\000\301\000n\000h\000\040\000x\036\241\000\040\000d\036\357\000\040\000l\000i\036\307\000u\000\040\000n\000g\000u\036\323\000n}{}% 106
\BOOKMARK [0][-]{subsubsubsection.7.2.1.3}{\376\377\000L\000o\000g\000i\000c\000\040\000x\036\355\000\040\000l\000\375\000\040\000v\000\340\000\040\000T\000h\000u\036\255\000t\000\040\000t\000o\000\341\000n}{}% 107
\BOOKMARK [1][-]{subsubsection.7.2.2}{\376\377\000N\000g\000h\000i\036\307\000p\000\040\000v\036\345\000\040\000B\0002\000:\000\040\000D\036\361\000\040\000b\000\341\000o\000\040\000t\000h\036\335\000i\000\040\000g\000i\000a\000n\000\040\000h\000\340\000n\000h\000\040\000t\000r\000\354\000n\000h\000\040\000\050\000E\000T\000A\000\040\000P\000r\000e\000d\000i\000c\000t\000i\000o\000n\000\051}{subsubsubsection.7.2.1.3}% 108
\BOOKMARK [0][-]{subsubsubsection.7.2.2.1}{\376\377\000M\036\345\000c\000\040\001\021\000\355\000c\000h\000\040\000v\000\340\000\040\000P\000h\036\241\000m\000\040\000v\000i}{}% 109
\BOOKMARK [0][-]{subsubsubsection.7.2.2.2}{\376\377\000\301\000n\000h\000\040\000x\036\241\000\040\000d\036\357\000\040\000l\000i\036\307\000u\000\040\000n\000g\000u\036\323\000n}{}% 110
\BOOKMARK [0][-]{subsubsubsection.7.2.2.3}{\376\377\000L\000o\000g\000i\000c\000\040\000x\036\355\000\040\000l\000\375\000\040\000v\000\340\000\040\000T\000h\000u\036\255\000t\000\040\000t\000o\000\341\000n}{}% 111
\BOOKMARK [1][-]{subsubsection.7.2.3}{\376\377\000N\000g\000h\000i\036\307\000p\000\040\000v\036\345\000\040\000B\0003\000:\000\040\000D\036\361\000\040\000b\000\341\000o\000\040\000r\036\347\000i\000\040\000r\000o\000\040\000s\036\361\000\040\000c\036\321\000\040\000\050\000I\000n\000c\000i\000d\000e\000n\000t\000\040\000R\000i\000s\000k\000\040\000P\000r\000e\000d\000i\000c\000t\000i\000o\000n\000\051}{subsubsubsection.7.2.2.3}% 112
\BOOKMARK [0][-]{subsubsubsection.7.2.3.1}{\376\377\000M\036\345\000c\000\040\001\021\000\355\000c\000h\000\040\000v\000\340\000\040\000P\000h\036\241\000m\000\040\000v\000i}{}% 113
\BOOKMARK [0][-]{subsubsubsection.7.2.3.2}{\376\377\000\301\000n\000h\000\040\000x\036\241\000\040\000d\036\357\000\040\000l\000i\036\307\000u\000\040\000n\000g\000u\036\323\000n}{}% 114
\BOOKMARK [0][-]{subsubsubsection.7.2.3.3}{\376\377\000L\000o\000g\000i\000c\000\040\000x\036\355\000\040\000l\000\375\000\040\000v\000\340\000\040\000T\000h\000u\036\255\000t\000\040\000t\000o\000\341\000n}{}% 115
\BOOKMARK [1][-]{subsection.7.3}{\376\377\000N\000h\000\363\000m\000\040\000n\000g\000h\000i\036\307\000p\000\040\000v\036\345\000\040\000H\036\327\000\040\000t\000r\036\343\000\040\000r\000a\000\040\000q\000u\000y\036\277\000t\000\040\001\021\036\313\000n\000h\000\040\000\050\000P\000r\000e\000s\000c\000r\000i\000p\000t\000i\000v\000e\000\040\000A\000n\000a\000l\000y\000t\000i\000c\000s\000\051}{subsubsubsection.7.2.3.3}% 116
\BOOKMARK [2][-]{subsubsection.7.3.1}{\376\377\000N\000g\000h\000i\036\307\000p\000\040\000v\036\345\000\040\000C\0001\000:\000\040\001\020\036\301\000\040\000x\000u\036\245\000t\000\040\000l\036\331\000\040\000t\000r\000\354\000n\000h\000\040\000t\036\321\000i\000\040\001\260\000u\000\040\001\021\000a\000\040\000m\036\345\000c\000\040\000t\000i\000\352\000u\000\040\000\050\000M\000u\000l\000t\000i\000-\000o\000b\000j\000e\000c\000t\000i\000v\000e\000\040\000R\000o\000u\000t\000i\000n\000g\000\051}{subsection.7.3}% 117
\BOOKMARK [0][-]{subsubsubsection.7.3.1.1}{\376\377\000M\036\345\000c\000\040\001\021\000\355\000c\000h\000\040\000v\000\340\000\040\000P\000h\036\241\000m\000\040\000v\000i}{}% 118
\BOOKMARK [0][-]{subsubsubsection.7.3.1.2}{\376\377\000\301\000n\000h\000\040\000x\036\241\000\040\000d\036\357\000\040\000l\000i\036\307\000u\000\040\000n\000g\000u\036\323\000n\000\040\000\050\000D\000a\000t\000a\000\040\000M\000a\000p\000p\000i\000n\000g\000\051}{}% 119
\BOOKMARK [0][-]{subsubsubsection.7.3.1.3}{\376\377\000L\000o\000g\000i\000c\000\040\000x\036\355\000\040\000l\000\375\000\040\000v\000\340\000\040\000T\000h\000u\036\255\000t\000\040\000t\000o\000\341\000n}{}% 120
\BOOKMARK [1][-]{subsubsection.7.3.2}{\376\377\000N\000g\000h\000i\036\307\000p\000\040\000v\036\345\000\040\000C\0002\000:\000\040\000C\036\243\000n\000h\000\040\000b\000\341\000o\000\040\000v\000\340\000\040\000T\000\341\000i\000\040\001\021\036\313\000n\000h\000\040\000t\000u\000y\036\277\000n\000\040\000t\000h\036\335\000i\000\040\000g\000i\000a\000n\000\040\000t\000h\036\361\000c\000\040\000\050\000R\000e\000a\000l\000-\000t\000i\000m\000e\000\040\000R\000e\000r\000o\000u\000t\000i\000n\000g\000\051}{subsubsubsection.7.3.1.3}% 121
\BOOKMARK [0][-]{subsubsubsection.7.3.2.1}{\376\377\000M\036\345\000c\000\040\001\021\000\355\000c\000h\000\040\000v\000\340\000\040\000P\000h\036\241\000m\000\040\000v\000i}{}% 122
\BOOKMARK [0][-]{subsubsubsection.7.3.2.2}{\376\377\000\301\000n\000h\000\040\000x\036\241\000\040\000d\036\357\000\040\000l\000i\036\307\000u\000\040\000n\000g\000u\036\323\000n}{}% 123
\BOOKMARK [0][-]{subsubsubsection.7.3.2.3}{\376\377\000L\000o\000g\000i\000c\000\040\000x\036\355\000\040\000l\000\375\000\040\000v\000\340\000\040\000T\000h\000u\036\255\000t\000\040\000t\000o\000\341\000n}{}% 124
\BOOKMARK [1][-]{subsubsection.7.3.3}{\376\377\000N\000g\000h\000i\036\307\000p\000\040\000v\036\345\000\040\000C\0003\000:\000\040\000G\036\343\000i\000\040\000\375\000\040\000g\000i\036\335\000\040\000x\000u\036\245\000t\000\040\000p\000h\000\341\000t\000\040\000t\036\321\000i\000\040\001\260\000u\000\040\000\050\000O\000p\000t\000i\000m\000a\000l\000\040\000D\000e\000p\000a\000r\000t\000u\000r\000e\000\040\000T\000i\000m\000e\000\051}{subsubsubsection.7.3.2.3}% 125
\BOOKMARK [0][-]{subsubsubsection.7.3.3.1}{\376\377\000M\036\345\000c\000\040\001\021\000\355\000c\000h\000\040\000v\000\340\000\040\000P\000h\036\241\000m\000\040\000v\000i}{}% 126
\BOOKMARK [0][-]{subsubsubsection.7.3.3.2}{\376\377\000\301\000n\000h\000\040\000x\036\241\000\040\000d\036\357\000\040\000l\000i\036\307\000u\000\040\000n\000g\000u\036\323\000n}{}% 127
\BOOKMARK [0][-]{subsubsubsection.7.3.3.3}{\376\377\000L\000o\000g\000i\000c\000\040\000x\036\355\000\040\000l\000\375\000\040\000v\000\340\000\040\000T\000h\000u\036\255\000t\000\040\000t\000o\000\341\000n}{}% 128
\BOOKMARK [1][-]{section.8}{\376\377\000T\000h\000i\036\277\000t\000\040\000k\036\277\000\040\000v\000\340\000\040\000t\000r\000i\036\303\000n\000\040\000k\000h\000a\000i\000\040\000q\000u\000y\000\040\000t\000r\000\354\000n\000h\000\040\000t\000r\000\355\000c\000h\000\040\000x\000u\036\245\000t\000,\000\040\000b\000i\036\277\000n\000\040\001\021\036\325\000i\000,\000\040\000n\036\241\000p\000\040\000d\036\357\000\040\000l\000i\036\307\000u\000\040\000\050\000E\000T\000L\000\051}{subsubsubsection.7.3.3.3}% 129
\BOOKMARK [2][-]{subsection.8.1}{\376\377\000K\000i\036\277\000n\000\040\000t\000r\000\372\000c\000\040\000t\036\325\000n\000g\000\040\000t\000h\036\303\000\040\000h\036\307\000\040\000t\000h\036\321\000n\000g\000\040\000E\000T\000L}{section.8}% 130
\BOOKMARK [3][-]{subsubsection.8.1.1}{\376\377\000M\036\345\000c\000\040\000t\000i\000\352\000u\000\040\000v\000\340\000\040\000N\000g\000u\000y\000\352\000n\000\040\000t\036\257\000c\000\040\000t\000h\000i\036\277\000t\000\040\000k\036\277\000\040\000k\000i\036\277\000n\000\040\000t\000r\000\372\000c}{subsection.8.1}% 131
\BOOKMARK [3][-]{subsubsection.8.1.2}{\376\377\000M\000\364\000\040\000h\000\354\000n\000h\000\040\000p\000h\000\342\000n\000\040\000l\036\333\000p\000\040\000c\000h\036\351\000c\000\040\000n\001\003\000n\000g\000\040\000\050\000F\000u\000n\000c\000t\000i\000o\000n\000a\000l\000\040\000L\000a\000y\000e\000r\000i\000n\000g\000\051}{subsection.8.1}% 132
\BOOKMARK [3][-]{subsubsection.8.1.3}{\376\377\000H\036\241\000\040\000t\036\247\000n\000g\000\040\000c\000\364\000n\000g\000\040\000n\000g\000h\036\307\000\040\000v\000\340\000\040\000T\000h\001\260\000\040\000v\000i\036\307\000n\000\040\000l\000\365\000i}{subsection.8.1}% 133
\BOOKMARK [3][-]{subsubsection.8.1.4}{\376\377\000Q\000u\036\243\000n\000\040\000l\000\375\000\040\000c\036\245\000u\000\040\000h\000\354\000n\000h\000\040\000v\000\340\000\040\000B\000i\036\277\000n\000\040\000m\000\364\000i\000\040\000t\000r\001\260\036\335\000n\000g\000\040\000\050\000E\000n\000v\000i\000r\000o\000n\000m\000e\000n\000t\000\040\000C\000o\000n\000f\000i\000g\000u\000r\000a\000t\000i\000o\000n\000\051}{subsection.8.1}% 134
\BOOKMARK [3][-]{subsubsection.8.1.5}{\376\377\000Q\000u\036\243\000n\000\040\000t\000r\036\313\000\040\000K\036\277\000t\000\040\000n\036\321\000i\000\040\000v\000\340\000\040\000T\000\340\000i\000\040\000n\000g\000u\000y\000\352\000n\000\040\000C\001\241\000\040\000s\036\337\000\040\000d\036\357\000\040\000l\000i\036\307\000u\000\040\000\050\000C\000o\000n\000n\000e\000c\000t\000i\000o\000n\000\040\000M\000a\000n\000a\000g\000e\000m\000e\000n\000t\000\051}{subsection.8.1}% 135
\BOOKMARK [3][-]{subsubsection.8.1.6}{\376\377\000C\001\241\000\040\000c\000h\036\277\000\040\001\021\000i\036\301\000u\000\040\000p\000h\036\321\000i\000\040\001\021\000a\000\040\000t\036\247\000n\000g\000\040\000\050\000H\000i\000e\000r\000a\000r\000c\000h\000i\000c\000a\000l\000\040\000O\000r\000c\000h\000e\000s\000t\000r\000a\000t\000i\000o\000n\000\051}{subsection.8.1}% 136
\BOOKMARK [2][-]{subsection.8.2}{\376\377\000Q\000U\000Y\000\040\000T\000R\000\314\000N\000H\000\040\000N\036\240\000P\000\040\000D\036\356\000\040\000L\000I\036\306\000U\000\040\000D\000I\000M\000E\000N\000S\000I\000O\000N\000\040\000\050\000D\000I\000M\000E\000N\000S\000I\000O\000N\000\040\000E\000T\000L\000\040\000P\000I\000P\000E\000L\000I\000N\000E\000\051}{section.8}% 137
\BOOKMARK [3][-]{subsubsection.8.2.1}{\376\377\000N\000h\000\363\000m\000\040\000c\000h\000i\036\301\000u\000\040\000T\000h\036\335\000i\000\040\000g\000i\000a\000n\000\040\000v\000\340\000\040\000L\036\313\000c\000h\000\040\000\050\000T\000i\000m\000e\000\040\000\046\000\040\000C\000a\000l\000e\000n\000d\000a\000r\000\040\000D\000i\000m\000e\000n\000s\000i\000o\000n\000s\000\051}{subsection.8.2}% 138
\BOOKMARK [3][-]{subsubsection.8.2.2}{\376\377\000N\000h\000\363\000m\000\040\000c\000h\000i\036\301\000u\000\040\000D\000a\000n\000h\000\040\000m\036\345\000c\000\040\000v\000\340\000\040\001\020\036\267\000c\000\040\000t\000\355\000n\000h\000\040\000\050\000M\000e\000t\000a\000d\000a\000t\000a\000\040\000D\000i\000m\000e\000n\000s\000i\000o\000n\000s\000\051}{subsection.8.2}% 139
\BOOKMARK [3][-]{subsubsection.8.2.3}{\376\377\000N\000h\000\363\000m\000\040\000c\000h\000i\036\301\000u\000\040\000H\036\241\000\040\000t\036\247\000n\000g\000\040\000G\000i\000a\000o\000\040\000t\000h\000\364\000n\000g\000\040\000\050\000I\000n\000f\000r\000a\000s\000t\000r\000u\000c\000t\000u\000r\000e\000\040\000D\000i\000m\000e\000n\000s\000i\000o\000n\000s\000\051}{subsection.8.2}% 140
\BOOKMARK [2][-]{subsection.8.3}{\376\377\000Q\000U\000Y\000\040\000T\000R\000\314\000N\000H\000\040\000N\036\240\000P\000\040\000D\036\356\000\040\000L\000I\036\306\000U\000\040\000S\036\360\000\040\000K\000I\036\306\000N\000\040\000\050\000F\000A\000C\000T\000\040\000E\000T\000L\000\040\000P\000I\000P\000E\000L\000I\000N\000E\000\051}{section.8}% 141
\BOOKMARK [3][-]{subsubsection.8.3.1}{\376\377\000T\036\247\000n\000g\000\040\000D\036\313\000c\000h\000\040\000v\036\345\000\040\000t\000h\000u\000\040\000t\000h\036\255\000p\000\040\000d\036\357\000\040\000l\000i\036\307\000u\000\040\000\050\000D\000a\000t\000a\000\040\000S\000e\000r\000v\000i\000c\000e\000\040\000L\000a\000y\000e\000r\000\051}{subsection.8.3}% 142
\BOOKMARK [3][-]{subsubsection.8.3.2}{\376\377\000T\000\355\000c\000h\000\040\000h\036\343\000p\000\040\000T\000h\036\313\000\040\000g\000i\000\341\000c\000\040\000m\000\341\000y\000\040\000t\000\355\000n\000h\000\040\000t\000r\000o\000n\000g\000\040\000q\000u\000y\000\040\000t\000r\000\354\000n\000h\000\040\000E\000T\000L\000\040\000\050\000A\000I\000\040\000I\000n\000t\000e\000g\000r\000a\000t\000i\000o\000n\000\051}{subsection.8.3}% 143
\BOOKMARK [3][-]{subsubsection.8.3.3}{\376\377\000X\000\341\000c\000\040\001\021\036\313\000n\000h\000\040\000c\000h\036\311\000\040\000s\036\321\000\040\000L\000O\000S\000\040\000\050\000L\000e\000v\000e\000l\000\040\000o\000f\000\040\000S\000e\000r\000v\000i\000c\000e\000\051\000\040\000v\000\340\000\040\000M\036\351\000c\000\040\001\021\036\331\000\040\000\371\000n\000\040\000t\036\257\000c}{subsection.8.3}% 144
\BOOKMARK [3][-]{subsubsection.8.3.4}{\376\377\000\040\000Q\000u\000y\000\040\000t\000r\000\354\000n\000h\000\040\000n\036\241\000p\000\040\000d\036\357\000\040\000l\000i\036\307\000u\000\040\000F\000a\000c\000t\000\040\000T\000r\000a\000f\000f\000i\000c\000\040\000F\000l\000o\000w\000\040\000v\000\340\000\040\000F\000a\000c\000t\000\040\000I\000n\000c\000i\000d\000e\000n\000t}{subsection.8.3}% 145
\BOOKMARK [3][-]{subsubsection.8.3.5}{\376\377\000\040\000Q\000u\000y\000\040\000t\000r\000\354\000n\000h\000\040\000g\000i\036\243\000\040\000l\036\255\000p\000\040\000d\036\357\000\040\000l\000i\036\307\000u\000\040\000\050\000M\000o\000c\000k\000\040\000D\000a\000t\000a\000\040\000P\000i\000p\000e\000l\000i\000n\000e\000\051}{subsection.8.3}% 146
\BOOKMARK [2][-]{subsection.8.4}{\376\377\000T\036\360\000\040\001\020\036\330\000N\000G\000\040\000H\000\323\000A\000\040\000V\000\300\000\040\000G\000I\000\301\000M\000\040\000S\000\301\000T\000\040\000V\036\254\000N\000\040\000H\000\300\000N\000H\000\040\000\050\000A\000U\000T\000O\000M\000A\000T\000I\000O\000N\000\040\000\046\000\040\000M\000O\000N\000I\000T\000O\000R\000I\000N\000G\000\051}{section.8}% 147
\BOOKMARK [3][-]{subsubsection.8.4.1}{\376\377\000\040\000C\001\241\000\040\000c\000h\036\277\000\040\000v\036\255\000n\000\040\000h\000\340\000n\000h\000\040\000t\000h\000\364\000n\000g\000\040\000q\000u\000a\000\040\000B\000a\000t\000c\000h\000\040\000S\000c\000r\000i\000p\000t\000\040\000v\000\340\000\040\001\020\000i\036\301\000u\000\040\000p\000h\036\321\000i\000\040\000h\036\307\000\040\000t\000h\036\321\000n\000g}{subsection.8.4}% 148
\BOOKMARK [3][-]{subsubsection.8.4.2}{\376\377\000\040\000H\036\307\000\040\000t\000h\036\321\000n\000g\000\040\000g\000h\000i\000\040\000n\000h\036\255\000t\000\040\000k\000\375\000\040\000t\036\255\000p\000\040\000t\000r\000u\000n\000g\000\040\000\050\000L\000o\000g\000g\000i\000n\000g\000\040\000S\000y\000s\000t\000e\000m\000\051}{subsection.8.4}% 149
\BOOKMARK [2][-]{subsection.8.5}{\376\377\000K\036\277\000t\000\040\000c\000h\001\260\001\241\000n\000g}{section.8}% 150
\BOOKMARK [1][-]{section.9}{\376\377\000C\000h\000i\000\040\000t\000i\036\277\000t\000\040\000n\000g\000h\000i\036\307\000p\000\040\000v\036\345\000\040\000h\036\307\000\040\000t\000h\036\321\000n\000g\000\040\000T\000r\000a\000f\000f\000i\000c\000\040\000I\000O\000C}{subsubsubsection.7.3.3.3}% 151
\BOOKMARK [2][-]{subsection.9.1}{\376\377\000T\036\325\000n\000g\000\040\000q\000u\000a\000n\000\040\000h\036\307\000\040\000t\000h\036\321\000n\000g\000\040\000v\000\340\000\040\000T\000r\000i\036\277\000t\000\040\000l\000\375\000\040\000t\000h\000i\036\277\000t\000\040\000k\036\277}{section.9}% 152
\BOOKMARK [3][-]{subsubsection.9.1.1}{\376\377\000G\000i\036\333\000i\000\040\000t\000h\000i\036\307\000u\000\040\000t\036\325\000n\000g\000\040\000q\000u\000a\000n\000\040\000h\036\307\000\040\000t\000h\036\321\000n\000g}{subsection.9.1}% 153
\BOOKMARK [3][-]{subsubsection.9.1.2}{\376\377\000N\000g\000u\000y\000\352\000n\000\040\000t\036\257\000c\000\040\000t\000h\000i\036\277\000t\000\040\000k\036\277\000\040\000G\000i\000a\000o\000\040\000d\000i\036\307\000n\000\040\000\046\000\040\000T\000r\036\243\000i\000\040\000n\000g\000h\000i\036\307\000m\000\040\000n\000g\001\260\036\335\000i\000\040\000d\000\371\000n\000g\000\040\000\050\000U\000I\000/\000U\000X\000\051}{subsection.9.1}% 154
\BOOKMARK [2][-]{subsection.9.2}{\376\377\000P\000h\000\342\000n\000\040\000h\036\307\000\040\000Q\000u\036\243\000n\000\040\000t\000r\036\313\000\040\000\046\000\040\001\020\000i\036\301\000u\000\040\000h\000\340\000n\000h\000\040\000\050\000A\000d\000m\000i\000n\000\040\000D\000a\000s\000h\000b\000o\000a\000r\000d\000\051}{section.9}% 155
\BOOKMARK [3][-]{subsubsection.9.2.1}{\376\377\000N\000g\000h\000i\036\307\000p\000\040\000v\036\345\000\040\0001\000:\000\040\000B\036\243\000n\000g\000\040\001\021\000i\036\301\000u\000\040\000k\000h\000i\036\303\000n\000\040\000T\036\325\000n\000g\000\040\000q\000u\000a\000n\000\040\000\050\000E\000x\000e\000c\000u\000t\000i\000v\000e\000\040\000D\000a\000s\000h\000b\000o\000a\000r\000d\000\051}{subsection.9.2}% 156
\BOOKMARK [3][-]{subsubsection.9.2.2}{\376\377\000N\000g\000h\000i\036\307\000p\000\040\000v\036\345\000\040\0002\000:\000\040\000G\000i\000\341\000m\000\040\000s\000\341\000t\000\040\000N\001\003\000n\000g\000\040\000l\036\361\000c\000\040\000t\000h\000\364\000n\000g\000\040\000h\000\340\000n\000h\000\040\000\050\000C\000o\000r\000r\000i\000d\000o\000r\000\040\000P\000e\000r\000f\000o\000r\000m\000a\000n\000c\000e\000\051}{subsection.9.2}% 157
\BOOKMARK [3][-]{subsubsection.9.2.3}{\376\377\000N\000g\000h\000i\036\307\000p\000\040\000v\036\345\000\040\0003\000:\000\040\000P\000h\000\342\000n\000\040\000t\000\355\000c\000h\000\040\001\020\036\331\000\040\000t\000i\000n\000\040\000c\036\255\000y\000\040\000\046\000\040\000B\000i\036\277\000n\000\040\001\021\036\331\000n\000g\000\040\000\050\000R\000e\000l\000i\000a\000b\000i\000l\000i\000t\000y\000\040\000A\000n\000a\000l\000y\000t\000i\000c\000s\000\051}{subsection.9.2}% 158
\BOOKMARK [3][-]{subsubsection.9.2.4}{\376\377\000N\000g\000h\000i\036\307\000p\000\040\000v\036\345\000\040\0004\000:\000\040\001\020\036\313\000n\000h\000\040\000v\036\313\000\040\000\046\000\040\000X\036\277\000p\000\040\000h\036\241\000n\000g\000\040\001\020\000i\036\303\000m\000\040\000n\000g\000h\036\275\000n\000\040\000\050\000B\000o\000t\000t\000l\000e\000n\000e\000c\000k\000\040\000D\000e\000t\000e\000c\000t\000i\000o\000n\000\051}{subsection.9.2}% 159
\BOOKMARK [3][-]{subsubsection.9.2.5}{\376\377\000N\000g\000h\000i\036\307\000p\000\040\000v\036\345\000\040\0005\000:\000\040\000P\000h\000\342\000n\000\040\000t\000\355\000c\000h\000\040\001\020\000a\000\040\000c\000h\000i\036\301\000u\000\040\000O\000L\000A\000P\000\040\000\046\000\040\001\020\000\341\000n\000h\000\040\000g\000i\000\341\000\040\000H\036\241\000\040\000t\036\247\000n\000g}{subsection.9.2}% 160
\BOOKMARK [3][-]{subsubsection.9.2.6}{\376\377\000N\000g\000h\000i\036\307\000p\000\040\000v\036\345\000\040\0006\000:\000\040\000T\000r\000a\000\040\000c\036\351\000u\000\040\000L\036\313\000c\000h\000\040\000s\036\355\000\040\000\046\000\040\000T\000i\000n\000\040\000n\000\363\000n\000g\000\040\000\050\000M\000a\000r\000q\000u\000e\000e\000\040\000A\000l\000e\000r\000t\000\051}{subsection.9.2}% 161
\BOOKMARK [3][-]{subsubsection.9.2.7}{\376\377\000N\000g\000h\000i\036\307\000p\000\040\000v\036\345\000\040\0007\000:\000\040\000M\000\364\000\040\000p\000h\036\317\000n\000g\000\040\000\046\000\040\000D\036\361\000\040\000b\000\341\000o\000\040\000g\000i\000a\000o\000\040\000t\000h\000\364\000n\000g\000\040\001\021\036\331\000n\000g\000\040\000\050\000T\000r\000a\000f\000f\000i\000c\000\040\000S\000i\000m\000u\000l\000a\000t\000i\000o\000n\000\051}{subsection.9.2}% 162
\BOOKMARK [2][-]{subsection.9.3}{\376\377\000P\000h\000\342\000n\000\040\000h\036\307\000\040\000N\000g\001\260\036\335\000i\000\040\000d\000\371\000n\000g\000\040\000c\000u\036\321\000i\000\040\000\050\000C\000i\000t\000i\000z\000e\000n\000\040\000M\000o\000b\000i\000l\000e\000\040\000A\000p\000p\000\051}{section.9}% 163
\BOOKMARK [3][-]{subsubsection.9.3.1}{\376\377\000N\000g\000h\000i\036\307\000p\000\040\000v\036\345\000\040\0001\000:\000\040\000T\000\354\000m\000\040\001\021\001\260\036\335\000n\000g\000\040\000t\000h\000\364\000n\000g\000\040\000m\000i\000n\000h\000\040\000t\000h\000e\000o\000\040\000T\000h\036\335\000i\000\040\000g\000i\000a\000n\000\040\000t\000h\036\361\000c\000\040\000\050\000D\000y\000n\000a\000m\000i\000c\000\040\000S\000m\000a\000r\000t\000\040\000R\000o\000u\000t\000i\000n\000g\000\051}{subsection.9.3}% 164
\BOOKMARK [3][-]{subsubsection.9.3.2}{\376\377\000N\000g\000h\000i\036\307\000p\000\040\000v\036\345\000\040\0002\000:\000\040\000G\000i\000\341\000m\000\040\000s\000\341\000t\000\040\000B\036\243\000n\000\040\001\021\036\323\000\040\000C\000\341\000\040\000n\000h\000\342\000n\000\040\000h\000\363\000a}{subsection.9.3}% 165
\BOOKMARK [1][-]{section.10}{\376\377\000T\000R\000I\036\302\000N\000\040\000K\000H\000A\000I\000,\000\040\000V\036\254\000N\000\040\000H\000\300\000N\000H\000\040\000V\000\300\000\040\000T\036\320\000I\000\040\001\257\000U\000\040\000C\000H\000I\000\040\000P\000H\000\315}{subsubsubsection.7.3.3.3}% 166
\BOOKMARK [2][-]{subsection.10.1}{\376\377\000K\000i\036\277\000n\000\040\000t\000r\000\372\000c\000\040\000T\000r\000i\036\303\000n\000\040\000k\000h\000a\000i\000\040\000\050\000D\000e\000p\000l\000o\000y\000m\000e\000n\000t\000\040\000A\000r\000c\000h\000i\000t\000e\000c\000t\000u\000r\000e\000\051}{section.10}% 167
\BOOKMARK [2][-]{subsection.10.2}{\376\377\000Q\000u\036\243\000n\000\040\000l\000\375\000\040\000S\000e\000r\000v\000e\000r\000\040\000v\000\340\000\040\000C\000o\000n\000t\000a\000i\000n\000e\000r\000i\000z\000a\000t\000i\000o\000n\000\040\000\050\000D\000o\000c\000k\000e\000r\000\051}{section.10}% 168
\BOOKMARK [3][-]{subsubsection.10.2.1}{\376\377\000T\036\321\000i\000\040\001\260\000u\000\040\000h\000\363\000a\000\040\000D\000o\000c\000k\000e\000r\000\040\000I\000m\000a\000g\000e}{subsection.10.2}% 169
\BOOKMARK [3][-]{subsubsection.10.2.2}{\376\377\000Q\000u\036\243\000n\000\040\000l\000\375\000\040\000C\000o\000n\000t\000a\000i\000n\000e\000r\000\040\000v\000\340\000\040\000D\036\315\000n\000\040\000d\036\271\000p\000\040\000T\000\340\000i\000\040\000n\000g\000u\000y\000\352\000n}{subsection.10.2}% 170
\BOOKMARK [2][-]{subsection.10.3}{\376\377\000T\000h\000i\036\277\000t\000\040\000l\036\255\000p\000\040\000l\000u\036\323\000n\000g\000\040\000T\000r\000i\036\303\000n\000\040\000k\000h\000a\000i\000\040\000\050\000D\000e\000p\000l\000o\000y\000m\000e\000n\000t\000\040\000F\000l\000o\000w\000\051}{section.10}% 171
\BOOKMARK [2][-]{subsection.10.4}{\376\377\000P\000h\000\342\000n\000\040\000t\000\355\000c\000h\000\040\000\046\000\040\000Q\000u\036\243\000n\000\040\000l\000\375\000\040\000n\000g\000\342\000n\000\040\000s\000\341\000c\000h\000\040\000\050\000B\000u\000d\000g\000e\000t\000\040\000\046\000\040\000R\000e\000s\000o\000u\000r\000c\000e\000\040\000O\000p\000t\000i\000m\000i\000z\000a\000t\000i\000o\000n\000\051}{section.10}% 172
\BOOKMARK [1][-]{section.11}{\376\377\001\020\000\341\000n\000h\000\040\000g\000i\000\341\000\040\000h\036\307\000\040\000t\000h\036\321\000n\000g}{subsubsubsection.7.3.3.3}% 173
\BOOKMARK [2][-]{subsection.11.1}{\376\377\001\020\000\341\000n\000h\000\040\000g\000i\000\341\000\040\000S\000c\000h\000e\000m\000a}{section.11}% 174
\BOOKMARK [3][-]{subsubsection.11.1.1}{\376\377\000K\000h\036\243\000\040\000n\001\003\000n\000g\000\040\001\021\000\341\000p\000\040\036\351\000n\000g\000\040\000n\000g\000h\000i\036\307\000p\000\040\000v\036\345\000\040\001\021\000a\000\040\000c\000h\000i\036\301\000u}{subsection.11.1}% 175
\BOOKMARK [3][-]{subsubsection.11.1.2}{\376\377\000T\000\355\000n\000h\000\040\000t\000o\000\340\000n\000\040\000v\036\271\000n\000\040\000v\000\340\000\040\000c\036\245\000u\000\040\000t\000r\000\372\000c\000\040\000k\000h\000\364\000n\000g\000\040\000g\000i\000a\000n}{subsection.11.1}% 176
\BOOKMARK [3][-]{subsubsection.11.1.3}{\376\377\000K\000h\036\243\000\040\000n\001\003\000n\000g\000\040\000m\036\337\000\040\000r\036\331\000n\000g}{subsection.11.1}% 177
\BOOKMARK [3][-]{subsubsection.11.1.4}{\376\377\001\020\000\341\000n\000h\000\040\000g\000i\000\341\000\040\000h\000i\036\307\000u\000\040\000n\001\003\000n\000g\000\040\000t\000r\000u\000y\000\040\000v\036\245\000n}{subsection.11.1}% 178
\BOOKMARK [3][-]{subsubsection.11.1.5}{\376\377\000K\000h\036\243\000\040\000n\001\003\000n\000g\000\040\000h\036\327\000\040\000t\000r\036\343\000\040\000A\000I\000\040\000v\000\340\000\040\000H\036\315\000c\000\040\000m\000\341\000y}{subsection.11.1}% 179
\BOOKMARK [2][-]{subsection.11.2}{\376\377\001\020\000\341\000n\000h\000\040\000g\000i\000\341\000\040\000k\036\277\000t\000\040\000q\000u\036\243\000\040\000s\000a\000u\000\040\000E\000T\000L}{section.11}% 180
\BOOKMARK [3][-]{subsubsection.11.2.1}{\376\377\000\040\001\020\000\341\000n\000h\000\040\000g\000i\000\341\000\040\000h\000i\036\307\000u\000\040\000q\000u\036\243\000\040\000k\000h\036\337\000i\000\040\000t\036\241\000o\000\040\000h\036\307\000\040\000q\000u\000y\000\040\000c\000h\000i\036\277\000u\000\040\000D\000i\000m\000e\000n\000s\000i\000o\000n}{subsection.11.2}% 181
\BOOKMARK [3][-]{subsubsection.11.2.2}{\376\377\001\020\000\341\000n\000h\000\040\000g\000i\000\341\000\040\000h\000i\036\307\000u\000\040\000q\000u\036\243\000\040\000n\036\241\000p\000\040\000d\036\357\000\040\000l\000i\036\307\000u\000\040\000F\000a\000c\000t\000\040\000v\000\340\000\040\000H\036\343\000p\000\040\000n\000h\036\245\000t\000\040\000d\036\357\000\040\000l\000i\036\307\000u\000\040\001\021\000a\000\040\000n\000g\000u\036\323\000n}{subsection.11.2}% 182
\BOOKMARK [3][-]{subsubsection.11.2.3}{\376\377\000\040\001\020\000\341\000n\000h\000\040\000g\000i\000\341\000\040\000H\000i\036\307\000u\000\040\000n\001\003\000n\000g\000\040\000v\036\255\000n\000\040\000h\000\340\000n\000h\000\040\000v\000\340\000\040\000Q\000u\036\243\000n\000\040\000t\000r\036\313\000\040\000d\036\357\000\040\000l\000i\036\307\000u\000\040\000q\000u\000y\000\040\000m\000\364\000\040\000l\036\333\000n}{subsection.11.2}% 183
\BOOKMARK [3][-]{subsubsection.11.2.4}{\376\377\000\040\001\020\000\341\000n\000h\000\040\000g\000i\000\341\000\040\000t\000\355\000n\000h\000\040\000s\036\265\000n\000\040\000s\000\340\000n\000g\000\040\000c\036\347\000a\000\040\000M\000o\000c\000k\000\040\000D\000a\000t\000a\000\040\000v\000\340\000\040\000k\000h\036\243\000\040\000n\001\003\000n\000g\000\040\000h\036\327\000\040\000t\000r\036\343\000\040\000A\000I\000/\000M\000L}{subsection.11.2}% 184
\BOOKMARK [2][-]{subsection.11.3}{\376\377\001\020\000\341\000n\000h\000\040\000g\000i\000\341\000\040\000H\000i\036\307\000u\000\040\000n\001\003\000n\000g\000\040\000v\000\340\000\040\001\020\036\331\000\040\000b\036\301\000n\000\040\000v\036\357\000n\000g\000\040\000P\000h\036\247\000n\000\040\000m\036\301\000m\000\040\000\050\000S\000o\000f\000t\000w\000a\000r\000e\000\040\000P\000e\000r\000f\000o\000r\000m\000a\000n\000c\000e\000\040\000\046\000\040\000R\000o\000b\000u\000s\000t\000n\000e\000s\000s\000\051}{section.11}% 185
\BOOKMARK [3][-]{subsubsection.11.3.1}{\376\377\001\020\036\331\000\040\000t\000r\036\305\000\040\000A\000P\000I\000\040\000\050\000A\000P\000I\000\040\000L\000a\000t\000e\000n\000c\000y\000\051\000\040\000v\000\340\000\040\000T\036\321\000i\000\040\001\260\000u\000\040\000h\000\363\000a\000\040\000t\000r\000u\000y\000\040\000v\036\245\000n}{subsection.11.3}% 186
\BOOKMARK [3][-]{subsubsection.11.3.2}{\376\377\000H\000i\036\307\000u\000\040\000n\001\003\000n\000g\000\040\000G\000i\000a\000o\000\040\000d\000i\036\307\000n\000\040\000\050\000F\000r\000o\000n\000t\000e\000n\000d\000\040\000P\000e\000r\000f\000o\000r\000m\000a\000n\000c\000e\000\051}{subsection.11.3}% 187
\BOOKMARK [3][-]{subsubsection.11.3.3}{\376\377\001\020\000\341\000n\000h\000\040\000g\000i\000\341\000\040\001\020\036\331\000\040\000b\036\301\000n\000\040\000v\036\357\000n\000g\000\040\000v\000\340\000\040\000K\000h\036\243\000\040\000n\001\003\000n\000g\000\040\000c\000h\036\313\000u\000\040\000t\036\243\000i\000\040\000\050\000R\000o\000b\000u\000s\000t\000n\000e\000s\000s\000\040\000\046\000\040\000S\000c\000a\000l\000a\000b\000i\000l\000i\000t\000y\000\051}{subsection.11.3}% 188
\BOOKMARK [2][-]{subsection.11.4}{\376\377\001\020\000\341\000n\000h\000\040\000g\000i\000\341\000\040\000M\036\351\000c\000\040\001\021\036\331\000\040\001\020\000\341\000p\000\040\036\351\000n\000g\000\040\000Y\000\352\000u\000\040\000c\036\247\000u\000\040\000N\000g\000h\000i\036\307\000p\000\040\000v\036\345}{section.11}% 189
\BOOKMARK [2][-]{subsection.11.5}{\376\377\000K\036\277\000t\000\040\000c\000h\001\260\001\241\000n\000g\000\040}{section.11}% 190
\BOOKMARK [1][-]{section.12}{\376\377\000H\036\307\000\040\000t\000h\036\321\000n\000g\000\040\000T\000r\000\355\000\040\000t\000u\036\307\000\040\000N\000h\000\342\000n\000\040\000t\036\241\000o\000\040\000h\036\327\000\040\000t\000r\036\343\000\040\000d\036\361\000\040\000b\000\341\000o\000\040\000g\000i\000a\000o\000\040\000t\000h\000\364\000n\000g\000\040\000t\000h\000\364\000n\000g\000\040\000m\000i\000n\000h}{subsubsubsection.7.3.3.3}% 191
\BOOKMARK [2][-]{subsection.12.1}{\376\377\000T\036\325\000n\000g\000\040\000q\000u\000a\000n\000\040\000v\000\340\000\040\000P\000h\000\342\000n\000\040\000t\000\355\000c\000h\000\040\000c\000\341\000c\000\040\000p\000h\001\260\001\241\000n\000g\000\040\000p\000h\000\341\000p\000\040\000t\000i\036\277\000p\000\040\000c\036\255\000n\000\040\000\050\000L\000i\000t\000e\000r\000a\000t\000u\000r\000e\000\040\000R\000e\000v\000i\000e\000w\000\051}{section.12}% 192
\BOOKMARK [3][-]{subsubsection.12.1.1}{\376\377\000T\000i\036\277\000p\000\040\000c\036\255\000n\000\040\000d\036\361\000a\000\040\000t\000r\000\352\000n\000\040\000T\000h\036\321\000n\000g\000\040\000k\000\352\000\040\000t\000r\000u\000y\036\301\000n\000\040\000t\000h\036\321\000n\000g\000\040\000\050\000A\000R\000I\000M\000A\000,\000\040\000S\000A\000R\000I\000M\000A\000\051}{subsection.12.1}% 193
\BOOKMARK [3][-]{subsubsection.12.1.2}{\376\377\000T\000i\036\277\000p\000\040\000c\036\255\000n\000\040\000d\036\361\000a\000\040\000t\000r\000\352\000n\000\040\000H\036\315\000c\000\040\000s\000\342\000u\000\040\000\050\000L\000S\000T\000M\000,\000\040\000C\000N\000N\000,\000\040\000T\000-\000G\000C\000N\000\051}{subsection.12.1}% 194
\BOOKMARK [3][-]{subsubsection.12.1.3}{\376\377\001\020\036\301\000\040\000x\000u\036\245\000t\000\040\000K\000i\036\277\000n\000\040\000t\000r\000\372\000c\000\040\000L\000a\000i\000\040\000\050\000H\000y\000b\000r\000i\000d\000\040\000S\000L\000-\000t\000o\000-\000R\000L\000\040\000T\000r\000a\000n\000s\000f\000e\000r\000\051}{subsection.12.1}% 195
\BOOKMARK [2][-]{subsection.12.2}{\376\377\000K\036\371\000\040\000t\000h\000u\036\255\000t\000\040\000T\000h\000i\036\277\000t\000\040\000k\036\277\000\040\001\020\036\267\000c\000\040\000t\000r\001\260\000n\000g\000\040\000\050\000F\000e\000a\000t\000u\000r\000e\000\040\000E\000n\000g\000i\000n\000e\000e\000r\000i\000n\000g\000\040\000\046\000\040\000J\000u\000s\000t\000i\000f\000i\000c\000a\000t\000i\000o\000n\000\051}{section.12}% 196
\BOOKMARK [3][-]{subsubsection.12.2.1}{\376\377\000C\036\245\000u\000\040\000t\000r\000\372\000c\000\040\000C\036\355\000a\000\040\000s\036\325\000\040\000t\000r\001\260\036\343\000t\000\040\000\050\000S\000l\000i\000d\000i\000n\000g\000\040\000W\000i\000n\000d\000o\000w\000\051\000\040\000v\000\340\000\040\001\020\036\243\000m\000\040\000b\036\243\000o\000\040\000t\000\355\000n\000h\000\040\000l\000i\000\352\000n\000\040\000t\036\345\000c\000\040\000\050\000C\000o\000n\000t\000i\000n\000u\000i\000t\000y\000\051}{subsection.12.2}% 197
\BOOKMARK [3][-]{subsubsection.12.2.2}{\376\377\000N\000h\000\372\000n\000g\000\040\000b\036\321\000i\000\040\000c\036\243\000n\000h\000\040\000k\000h\000\364\000n\000g\000\040\000g\000i\000a\000n\000\040\000\050\000S\000p\000a\000t\000i\000a\000l\000\040\000\046\000\040\000C\000a\000t\000e\000g\000o\000r\000i\000c\000a\000l\000\040\000E\000m\000b\000e\000d\000d\000i\000n\000g\000\051}{subsection.12.2}% 198
\BOOKMARK [3][-]{subsubsection.12.2.3}{\376\377\000M\000\343\000\040\000h\000\363\000a\000\040\000t\000\355\000n\000h\000\040\000c\000h\000u\000\040\000k\036\363\000\040\000t\000h\036\335\000i\000\040\000g\000i\000a\000n\000\040\000\050\000C\000y\000c\000l\000i\000c\000a\000l\000\040\000T\000e\000m\000p\000o\000r\000a\000l\000\040\000E\000n\000c\000o\000d\000i\000n\000g\000\051}{subsection.12.2}% 199
\BOOKMARK [3][-]{subsubsection.12.2.4}{\376\377\000C\000h\000u\036\251\000n\000\040\000h\000\363\000a\000\040\000v\000\340\000\040\000T\000i\036\301\000n\000\040\000x\036\355\000\040\000l\000\375\000\040\000\050\000S\000c\000a\000l\000i\000n\000g\000\040\000\046\000\040\000I\000m\000p\000u\000t\000a\000t\000i\000o\000n\000\051}{subsection.12.2}% 200
\BOOKMARK [3][-]{subsubsection.12.2.5}{\376\377\000Q\000u\000y\000\040\000t\000r\000\354\000n\000h\000\040\001\020\000\341\000n\000h\000\040\000g\000i\000\341\000\040\000v\000\340\000\040\000T\000u\000y\036\303\000n\000\040\000c\000h\036\315\000n\000\040\001\020\036\267\000c\000\040\000t\000r\001\260\000n\000g\000\040\000\050\000F\000e\000a\000t\000u\000r\000e\000\040\000Q\000u\000a\000l\000i\000t\000y\000\040\000A\000s\000s\000e\000s\000s\000m\000e\000n\000t\000\051}{subsection.12.2}% 201
\BOOKMARK [2][-]{subsection.12.3}{\376\377\000C\000h\000i\036\277\000n\000\040\000l\001\260\036\343\000c\000\040\000C\000\342\000n\000\040\000b\036\261\000n\000g\000\040\000D\036\357\000\040\000l\000i\036\307\000u\000\040\000\050\000R\000e\000s\000a\000m\000p\000l\000i\000n\000g\000\040\000C\000o\000m\000p\000a\000r\000a\000t\000i\000v\000e\000\040\000A\000n\000a\000l\000y\000s\000i\000s\000\051}{section.12}% 202
\BOOKMARK [3][-]{subsubsection.12.3.1}{\376\377\000T\000h\000\341\000c\000h\000\040\000t\000h\036\351\000c\000\040\000t\036\353\000\040\000d\036\357\000\040\000l\000i\036\307\000u\000\040\000m\036\245\000t\000\040\000c\000\342\000n\000\040\000b\036\261\000n\000g\000\040\000c\036\361\000c\000\040\000h\036\241\000n\000\040\000\050\000E\000x\000t\000r\000e\000m\000e\000\040\000I\000m\000b\000a\000l\000a\000n\000c\000e\000\051}{subsection.12.3}% 203
\BOOKMARK [3][-]{subsubsection.12.3.2}{\376\377\000P\000h\000\342\000n\000\040\000t\000\355\000c\000h\000\040\001\021\000i\036\303\000m\000\040\000y\036\277\000u\000\040\000c\036\347\000a\000\040\000p\000h\001\260\001\241\000n\000g\000\040\000p\000h\000\341\000p\000\040\000n\036\331\000i\000\040\000s\000u\000y\000\040\000t\000u\000y\036\277\000n\000\040\000t\000\355\000n\000h\000\040\000\050\000S\000M\000O\000T\000E\000/\000A\000D\000A\000S\000Y\000N\000\051}{subsection.12.3}% 204
\BOOKMARK [3][-]{subsubsection.12.3.3}{\376\377\000C\000h\000i\036\277\000n\000\040\000l\001\260\036\343\000c\000\040\000C\000\342\000n\000\040\000b\036\261\000n\000g\000\040\000L\000a\000i\000\040\000\050\000H\000y\000b\000r\000i\000d\000\040\000R\000e\000s\000a\000m\000p\000l\000i\000n\000g\000:\000\040\000A\000n\000c\000h\000o\000r\000-\000b\000a\000s\000e\000d\000\040\000\046\000\040\000S\000e\000q\000u\000e\000n\000c\000e\000-\000C\000T\000G\000A\000N\000\051}{subsection.12.3}% 205
\BOOKMARK [2][-]{subsection.12.4}{\376\377\000T\000r\036\241\000m\000\040\000t\000i\036\301\000n\000\040\000h\000u\036\245\000n\000\040\000l\000u\000y\036\307\000n\000\040\000G\000i\000\341\000m\000\040\000s\000\341\000t\000\040\000\050\000S\000u\000p\000e\000r\000v\000i\000s\000e\000d\000\040\000B\000a\000s\000e\000l\000i\000n\000e\000\040\000J\000u\000s\000t\000i\000f\000i\000c\000a\000t\000i\000o\000n\000\051}{section.12}% 206
\BOOKMARK [3][-]{subsubsection.12.4.1}{\376\377\000M\000\340\000n\000g\000\040\000l\036\315\000c\000\040\000H\036\255\000u\000\040\000k\000i\036\303\000m\000\040\000V\036\255\000t\000\040\000l\000\375\000\040\000\050\000P\000h\000y\000s\000i\000c\000a\000l\000\040\000S\000a\000n\000i\000t\000y\000\040\000C\000h\000e\000c\000k\000\051}{subsection.12.4}% 207
\BOOKMARK [3][-]{subsubsection.12.4.2}{\376\377\000X\000\342\000y\000\040\000d\036\361\000n\000g\000\040\000"\000T\000r\036\361\000c\000\040\000g\000i\000\341\000c\000"\000\040\000b\000a\000n\000\040\001\021\036\247\000u\000\040\000c\000h\000o\000\040\000A\000g\000e\000n\000t\000\040\000t\000h\000\364\000n\000g\000\040\000q\000u\000a\000\040\000H\036\315\000c\000\040\000c\000\363\000\040\000g\000i\000\341\000m\000\040\000s\000\341\000t\000\040\000\050\000S\000u\000p\000e\000r\000v\000i\000s\000e\000d\000\040\000P\000r\000e\000-\000t\000r\000a\000i\000n\000i\000n\000g\000\051}{subsection.12.4}% 208
\BOOKMARK [3][-]{subsubsection.12.4.3}{\376\377\000G\000i\036\243\000i\000\040\000p\000h\000\341\000p\000\040\000k\000h\036\257\000c\000\040\000p\000h\036\345\000c\000\040\000v\036\245\000n\000\040\001\021\036\301\000\040\000"\000K\000h\036\337\000i\000\040\001\021\036\331\000n\000g\000\040\000l\036\241\000n\000h\000"\000\040\000\050\000C\000o\000l\000d\000\040\000S\000t\000a\000r\000t\000\051\000\040\000t\000r\000o\000n\000g\000\040\000H\036\315\000c\000\040\000t\001\003\000n\000g\000\040\000c\001\260\036\335\000n\000g}{subsection.12.4}% 209
\BOOKMARK [3][-]{subsubsection.12.4.4}{\376\377\000C\000h\000u\000y\036\303\000n\000\040\000g\000i\000a\000o\000\040\000t\000r\036\315\000n\000g\000\040\000s\036\321\000\040\000v\000\340\000\040\000K\000h\036\337\000i\000\040\001\021\036\331\000n\000g\000\040\036\245\000m\000\040\000\050\000W\000a\000r\000m\000-\000s\000t\000a\000r\000t\000\040\000W\000e\000i\000g\000h\000t\000\040\000I\000n\000j\000e\000c\000t\000i\000o\000n\000\051}{subsection.12.4}% 210
\BOOKMARK [2][-]{subsection.12.5}{\376\377\000K\000i\036\277\000n\000\040\000t\000r\000\372\000c\000\040\001\020\036\267\000c\000\040\000v\036\345\000\040\000H\036\315\000c\000\040\000t\001\003\000n\000g\000\040\000c\001\260\036\335\000n\000g\000\040\000\050\000D\000o\000u\000b\000l\000e\000\040\000D\000Q\000N\000\040\000A\000r\000c\000h\000i\000t\000e\000c\000t\000u\000r\000e\000\051}{section.12}% 211
\BOOKMARK [3][-]{subsubsection.12.5.1}{\376\377\000L\036\361\000a\000\040\000c\000h\036\315\000n\000\040\000t\000h\000u\036\255\000t\000\040\000t\000o\000\341\000n\000\040\000D\000o\000u\000b\000l\000e\000\040\000D\000Q\000N\000\040\000\050\000D\000D\000Q\000N\000\051}{subsection.12.5}% 212
\BOOKMARK [3][-]{subsubsection.12.5.2}{\376\377\000C\036\245\000u\000\040\000t\000r\000\372\000c\000\040\000m\036\241\000n\000g\000\040\000Q\000-\000N\000e\000t\000w\000o\000r\000k\000\040\000v\000\340\000\040\000S\000i\000\352\000u\000\040\000t\000h\000a\000m\000\040\000s\036\321\000\040\000H\000u\036\245\000n\000\040\000l\000u\000y\036\307\000n}{subsection.12.5}% 213
\BOOKMARK [3][-]{subsubsection.12.5.3}{\376\377\000T\000h\000i\036\277\000t\000\040\000k\036\277\000\040\000H\000\340\000m\000\040\000P\000h\036\247\000n\000\040\000t\000h\001\260\036\337\000n\000g\000\040\000\050\000R\000e\000w\000a\000r\000d\000\040\000S\000h\000a\000p\000i\000n\000g\000\051\000\040\000-\000\040\000"\000L\000i\000n\000h\000\040\000h\036\323\000n\000"\000\040\000c\036\347\000a\000\040\000s\036\361\000\040\000t\000h\000\364\000n\000g\000\040\000m\000i\000n\000h}{subsection.12.5}% 214
\BOOKMARK [2][-]{subsection.12.6}{\376\377\001\020\000\341\000n\000h\000\040\000g\000i\000\341\000\040\000T\000h\036\361\000c\000\040\000n\000g\000h\000i\036\307\000m\000\040\000v\000\340\000\040\000S\000o\000\040\000s\000\341\000n\000h\000\040\000\050\000E\000m\000p\000i\000r\000i\000c\000a\000l\000\040\000E\000v\000a\000l\000u\000a\000t\000i\000o\000n\000\040\000\046\000\040\000B\000e\000n\000c\000h\000m\000a\000r\000k\000i\000n\000g\000\051}{section.12}% 215
\BOOKMARK [3][-]{subsubsection.12.6.1}{\376\377\000T\000h\000i\036\277\000t\000\040\000l\036\255\000p\000\040\000c\000\341\000c\000\040\000m\000\364\000\040\000h\000\354\000n\000h\000\040\001\021\036\321\000i\000\040\000c\000h\036\351\000n\000g\000\040\000\050\000B\000a\000s\000e\000l\000i\000n\000e\000s\000\051}{subsection.12.6}% 216
\BOOKMARK [3][-]{subsubsection.12.6.2}{\376\377\000P\000h\000\342\000n\000\040\000t\000\355\000c\000h\000\040\000C\000h\036\311\000\040\000s\036\321\000\040\000H\000i\036\307\000u\000\040\000n\001\003\000n\000g\000\040\000\050\000M\000e\000t\000r\000i\000c\000s\000\040\000A\000n\000a\000l\000y\000s\000i\000s\000\051}{subsection.12.6}% 217
\BOOKMARK [3][-]{subsubsection.12.6.3}{\376\377\000G\000i\036\243\000i\000\040\000m\000\343\000\040\000"\000H\036\331\000p\000\040\001\021\000e\000n\000"\000\040\000v\000\340\000\040\000T\000\355\000n\000h\000\040\000m\000i\000n\000h\000\040\000b\036\241\000c\000h\000\040\000c\036\347\000a\000\040\000h\036\307\000\040\000t\000h\036\321\000n\000g\000\040\000\050\000E\000x\000p\000l\000a\000i\000n\000a\000b\000l\000e\000\040\000A\000I\000\040\000v\036\333\000i\000\040\000S\000H\000A\000P\000\051}{subsection.12.6}% 218
\BOOKMARK [2][-]{subsection.12.7}{\376\377\000H\036\241\000n\000\040\000c\000h\036\277\000\040\000c\036\347\000a\000\040\000H\036\307\000\040\000t\000h\036\321\000n\000g\000\040\001\021\036\301\000\040\000x\000u\036\245\000t\000\040\000v\000\340\000\040\000H\001\260\036\333\000n\000g\000\040\000p\000h\000\341\000t\000\040\000t\000r\000i\036\303\000n}{section.12}% 219
\BOOKMARK [3][-]{subsubsection.12.7.1}{\376\377\000H\036\241\000n\000\040\000c\000h\036\277\000\040\000v\036\301\000\040\001\020\036\331\000\040\000t\000r\036\305\000\040\000X\036\355\000\040\000l\000\375\000\040\000q\000u\000y\000\040\000m\000\364\000\040\000l\036\333\000n\000\040\000\050\000I\000n\000f\000e\000r\000e\000n\000c\000e\000\040\000L\000a\000t\000e\000n\000c\000y\000\040\000a\000t\000\040\000S\000c\000a\000l\000e\000\051}{subsection.12.7}% 220
\BOOKMARK [3][-]{subsubsection.12.7.2}{\376\377\000K\000h\000o\036\243\000n\000g\000\040\000c\000\341\000c\000h\000\040\000g\000i\036\357\000a\000\040\000M\000\364\000i\000\040\000t\000r\001\260\036\335\000n\000g\000\040\000M\000\364\000\040\000p\000h\036\317\000n\000g\000\040\000v\000\340\000\040\000T\000h\036\361\000c\000\040\000t\036\277\000\040\000\050\000S\000i\000m\000-\000t\000o\000-\000R\000e\000a\000l\000\040\000G\000a\000p\000\051}{subsection.12.7}% 221
\BOOKMARK [3][-]{subsubsection.12.7.3}{\376\377\000G\000i\036\333\000i\000\040\000h\036\241\000n\000\040\000N\000h\036\255\000n\000\040\000t\000h\036\351\000c\000\040\000K\000h\000\364\000n\000g\000\040\000g\000i\000a\000n\000\040\000v\000\340\000\040\001\020\036\313\000n\000h\000\040\000h\001\260\036\333\000n\000g\000\040\001\020\036\323\000\040\000t\000h\036\313\000\040\000\050\000S\000p\000a\000t\000i\000a\000l\000\040\000A\000w\000a\000r\000e\000n\000e\000s\000s\000\040\000\046\000\040\000G\000r\000a\000p\000h\000\040\000E\000v\000o\000l\000u\000t\000i\000o\000n\000\051}{subsection.12.7}% 222
\BOOKMARK [1][-]{section.13}{\376\377\000T\036\325\000n\000g\000\040\000k\036\277\000t}{subsubsubsection.7.3.3.3}% 223
\BOOKMARK [2][-]{subsection.13.1}{\376\377\000K\036\277\000t\000\040\000q\000u\036\243\000\040\001\021\036\241\000t\000\040\001\021\001\260\036\343\000c}{section.13}% 224
\BOOKMARK [3][-]{subsubsection.13.1.1}{\376\377\000V\036\301\000\040\000m\036\267\000t\000\040\000N\000g\000h\000i\036\307\000p\000\040\000v\036\345\000\040\000v\000\340\000\040\000T\000h\000i\036\277\000t\000\040\000k\036\277\000\040\000h\036\307\000\040\000t\000h\036\321\000n\000g}{subsection.13.1}% 225
\BOOKMARK [3][-]{subsubsection.13.1.2}{\376\377\000V\036\301\000\040\000m\036\267\000t\000\040\000K\036\371\000\040\000t\000h\000u\036\255\000t\000\040\000v\000\340\000\040\000D\036\357\000\040\000l\000i\036\307\000u}{subsection.13.1}% 226
\BOOKMARK [2][-]{subsection.13.2}{\376\377\000H\036\241\000n\000\040\000c\000h\036\277\000\040\000v\000\340\000\040\000H\001\260\036\333\000n\000g\000\040\000p\000h\000\341\000t\000\040\000t\000r\000i\036\303\000n}{section.13}% 227
\BOOKMARK [3][-]{subsubsection.13.2.1}{\376\377\000C\000\341\000c\000\040\000h\036\241\000n\000\040\000c\000h\036\277\000\040\000t\036\323\000n\000\040\000t\036\241\000i}{subsection.13.2}% 228
\BOOKMARK [3][-]{subsubsection.13.2.2}{\376\377\000H\001\260\036\333\000n\000g\000\040\000p\000h\000\341\000t\000\040\000t\000r\000i\036\303\000n\000\040\000c\000h\000o\000\040\001\020\036\323\000\040\000\341\000n\000\040\000t\036\321\000t\000\040\000n\000g\000h\000i\036\307\000p}{subsection.13.2}% 229
\BOOKMARK [2][-]{subsection.13.3}{\376\377\000K\036\277\000\040\000h\000o\036\241\000c\000h\000\040\000t\000h\036\361\000c\000\040\000h\000i\036\307\000n\000\040\001\020\036\323\000\040\000\341\000n\000\040\000t\036\321\000t\000\040\000n\000g\000h\000i\036\307\000p}{section.13}% 230
\BOOKMARK [1][-]{section.14}{\376\377\000T\000\340\000i\000\040\000l\000i\036\307\000u\000\040\000t\000h\000a\000m\000\040\000k\000h\036\243\000o}{subsubsubsection.7.3.3.3}% 231
