[2026-03-04 15:02:40] INFO     data_pipeline.database | SQLAlchemy Engine created
[2026-03-04 15:02:40] INFO     data_pipeline.WeatherExtractor | Extracting weather for (10.7764, 106.7011)
[2026-03-04 15:02:40] DEBUG    data_pipeline.WeatherExtractor | GET https://api.openweathermap.org/data/2.5/weather params={'lat': 10.7764, 'lon': 106.7011, 'appid': '3ffe1f60270c3ea6568764bae7c95bc3', 'units': 'metric', 'lang': 'vi'}
[2026-03-04 15:02:41] INFO     data_pipeline.weather_pipeline | Extracted weather data from OpenWeatherMap
[2026-03-04 15:02:41] INFO     data_pipeline.WeatherTransformer | Transformed weather: id=500, category=Rain, severity=3
[2026-03-04 15:02:41] INFO     data_pipeline.WeatherLoader | Batch 1: upserted 1/1 rows
[2026-03-04 15:02:41] INFO     data_pipeline.weather_pipeline | Loaded 1 records → dim_weather
[2026-03-04 15:02:41] INFO     data_pipeline.main | [run-realtime] weather_pipeline: weather_key=500
[2026-03-04 15:02:42] INFO     data_pipeline.main | [run-realtime] Loaded 25 segment points from DB
[2026-03-04 15:02:42] INFO     data_pipeline.TrafficExtractor | Extracting traffic flow for 25 segments
[2026-03-04 15:02:42] DEBUG    data_pipeline.TrafficExtractor | GET https://api.tomtom.com/traffic/services/4/flowSegmentData/absolute/10/json params={'key': 'nYiEtOLKFLyDntCB7Lyb8O8pzaiV6eWx', 'point': '10.907282,106.497314', 'unit': 'KMPH'}
[2026-03-04 15:02:41] DEBUG    data_pipeline.TrafficExtractor | GET https://api.tomtom.com/traffic/services/4/flowSegmentData/absolute/10/json params={'key': 'nYiEtOLKFLyDntCB7Lyb8O8pzaiV6eWx', 'point': '10.907282,106.497314', 'unit': 'KMPH'}
[2026-03-04 15:02:41] DEBUG    data_pipeline.TrafficExtractor | GET https://api.tomtom.com/traffic/services/4/flowSegmentData/absolute/10/json params={'key': 'nYiEtOLKFLyDntCB7Lyb8O8pzaiV6eWx', 'point': '10.639254,106.842468', 'unit': 'KMPH'}
[2026-03-04 15:02:42] DEBUG    data_pipeline.TrafficExtractor | GET https://api.tomtom.com/traffic/services/4/flowSegmentData/absolute/10/json params={'key': 'nYiEtOLKFLyDntCB7Lyb8O8pzaiV6eWx', 'point': '10.639254,106.842468', 'unit': 'KMPH'}
[2026-03-04 15:02:42] DEBUG    data_pipeline.TrafficExtractor | GET https://api.tomtom.com/traffic/services/4/flowSegmentData/absolute/10/json params={'key': 'nYiEtOLKFLyDntCB7Lyb8O8pzaiV6eWx', 'point': '10.930813,106.474887', 'unit': 'KMPH'}
[2026-03-04 15:02:42] DEBUG    data_pipeline.TrafficExtractor | GET https://api.tomtom.com/traffic/services/4/flowSegmentData/absolute/10/json params={'key': 'nYiEtOLKFLyDntCB7Lyb8O8pzaiV6eWx', 'point': '10.930813,106.474887', 'unit': 'KMPH'}
[2026-03-04 15:02:42] DEBUG    data_pipeline.TrafficExtractor | GET https://api.tomtom.com/traffic/services/4/flowSegmentData/absolute/10/json params={'key': 'nYiEtOLKFLyDntCB7Lyb8O8pzaiV6eWx', 'point': '10.494615,106.765546', 'unit': 'KMPH'}
[2026-03-04 15:02:43] WARNING  data_pipeline.TrafficExtractor | Skip point (10.494615,106.765546): HTTP 400 from https://api.tomtom.com/traffic/services/4/flowSegmentData/absolute/10/json
[2026-03-04 15:02:43] DEBUG    data_pipeline.TrafficExtractor | GET https://api.tomtom.com/traffic/services/4/flowSegmentData/absolute/10/json params={'key': 'nYiEtOLKFLyDntCB7Lyb8O8pzaiV6eWx', 'point': '10.494615,106.765546', 'unit': 'KMPH'}
[2026-03-04 15:02:43] WARNING  data_pipeline.TrafficExtractor | Skip point (10.494615,106.765546): HTTP 400 from https://api.tomtom.com/traffic/services/4/flowSegmentData/absolute/10/json
[2026-03-04 15:02:43] DEBUG    data_pipeline.TrafficExtractor | GET https://api.tomtom.com/traffic/services/4/flowSegmentData/absolute/10/json params={'key': 'nYiEtOLKFLyDntCB7Lyb8O8pzaiV6eWx', 'point': '10.637961,106.982398', 'unit': 'KMPH'}
[2026-03-04 15:02:43] WARNING  data_pipeline.TrafficExtractor | Skip point (10.637961,106.982398): HTTP 400 from https://api.tomtom.com/traffic/services/4/flowSegmentData/absolute/10/json
[2026-03-04 15:02:43] DEBUG    data_pipeline.TrafficExtractor | GET https://api.tomtom.com/traffic/services/4/flowSegmentData/absolute/10/json params={'key': 'nYiEtOLKFLyDntCB7Lyb8O8pzaiV6eWx', 'point': '10.637897,106.98228', 'unit': 'KMPH'}
[2026-03-04 15:02:44] WARNING  data_pipeline.TrafficExtractor | Skip point (10.637897,106.98228): HTTP 400 from https://api.tomtom.com/traffic/services/4/flowSegmentData/absolute/10/json
[2026-03-04 15:02:44] DEBUG    data_pipeline.TrafficExtractor | GET https://api.tomtom.com/traffic/services/4/flowSegmentData/absolute/10/json params={'key': 'nYiEtOLKFLyDntCB7Lyb8O8pzaiV6eWx', 'point': '10.916966,106.859714', 'unit': 'KMPH'}
[2026-03-04 15:02:44] DEBUG    data_pipeline.TrafficExtractor | GET https://api.tomtom.com/traffic/services/4/flowSegmentData/absolute/10/json params={'key': 'nYiEtOLKFLyDntCB7Lyb8O8pzaiV6eWx', 'point': '10.495411,106.558755', 'unit': 'KMPH'}
[2026-03-04 15:02:44] DEBUG    data_pipeline.TrafficExtractor | GET https://api.tomtom.com/traffic/services/4/flowSegmentData/absolute/10/json params={'key': 'nYiEtOLKFLyDntCB7Lyb8O8pzaiV6eWx', 'point': '10.495411,106.558755', 'unit': 'KMPH'}
[2026-03-04 15:02:44] DEBUG    data_pipeline.TrafficExtractor | GET https://api.tomtom.com/traffic/services/4/flowSegmentData/absolute/10/json params={'key': 'nYiEtOLKFLyDntCB7Lyb8O8pzaiV6eWx', 'point': '10.702449,106.876166', 'unit': 'KMPH'}
[2026-03-04 15:02:45] DEBUG    data_pipeline.TrafficExtractor | GET https://api.tomtom.com/traffic/services/4/flowSegmentData/absolute/10/json params={'key': 'nYiEtOLKFLyDntCB7Lyb8O8pzaiV6eWx', 'point': '10.702161,106.876227', 'unit': 'KMPH'}
[2026-03-04 15:02:45] DEBUG    data_pipeline.TrafficExtractor | GET https://api.tomtom.com/traffic/services/4/flowSegmentData/absolute/10/json params={'key': 'nYiEtOLKFLyDntCB7Lyb8O8pzaiV6eWx', 'point': '10.697576,106.622656', 'unit': 'KMPH'}
[2026-03-04 15:02:45] DEBUG    data_pipeline.TrafficExtractor | GET https://api.tomtom.com/traffic/services/4/flowSegmentData/absolute/10/json params={'key': 'nYiEtOLKFLyDntCB7Lyb8O8pzaiV6eWx', 'point': '10.519207,107.024265', 'unit': 'KMPH'}
[2026-03-04 15:02:45] DEBUG    data_pipeline.TrafficExtractor | GET https://api.tomtom.com/traffic/services/4/flowSegmentData/absolute/10/json params={'key': 'nYiEtOLKFLyDntCB7Lyb8O8pzaiV6eWx', 'point': '10.519157,107.024354', 'unit': 'KMPH'}
[2026-03-04 15:02:46] DEBUG    data_pipeline.TrafficExtractor | GET https://api.tomtom.com/traffic/services/4/flowSegmentData/absolute/10/json params={'key': 'nYiEtOLKFLyDntCB7Lyb8O8pzaiV6eWx', 'point': '10.697937,106.622361', 'unit': 'KMPH'}
[2026-03-04 15:02:46] DEBUG    data_pipeline.TrafficExtractor | GET https://api.tomtom.com/traffic/services/4/flowSegmentData/absolute/10/json params={'key': 'nYiEtOLKFLyDntCB7Lyb8O8pzaiV6eWx', 'point': '10.749745,107.064428', 'unit': 'KMPH'}
[2026-03-04 15:02:46] DEBUG    data_pipeline.TrafficExtractor | GET https://api.tomtom.com/traffic/services/4/flowSegmentData/absolute/10/json params={'key': 'nYiEtOLKFLyDntCB7Lyb8O8pzaiV6eWx', 'point': '10.749745,107.064428', 'unit': 'KMPH'}
[2026-03-04 15:02:46] DEBUG    data_pipeline.TrafficExtractor | GET https://api.tomtom.com/traffic/services/4/flowSegmentData/absolute/10/json params={'key': 'nYiEtOLKFLyDntCB7Lyb8O8pzaiV6eWx', 'point': '10.463979,106.736248', 'unit': 'KMPH'}
[2026-03-04 15:02:47] WARNING  data_pipeline.TrafficExtractor | Skip point (10.463979,106.736248): HTTP 400 from https://api.tomtom.com/traffic/services/4/flowSegmentData/absolute/10/json
[2026-03-04 15:02:47] DEBUG    data_pipeline.TrafficExtractor | GET https://api.tomtom.com/traffic/services/4/flowSegmentData/absolute/10/json params={'key': 'nYiEtOLKFLyDntCB7Lyb8O8pzaiV6eWx', 'point': '10.463979,106.736248', 'unit': 'KMPH'}
[2026-03-04 15:02:47] WARNING  data_pipeline.TrafficExtractor | Skip point (10.463979,106.736248): HTTP 400 from https://api.tomtom.com/traffic/services/4/flowSegmentData/absolute/10/json
[2026-03-04 15:02:47] DEBUG    data_pipeline.TrafficExtractor | GET https://api.tomtom.com/traffic/services/4/flowSegmentData/absolute/10/json params={'key': 'nYiEtOLKFLyDntCB7Lyb8O8pzaiV6eWx', 'point': '10.553224,106.782909', 'unit': 'KMPH'}
[2026-03-04 15:02:47] WARNING  data_pipeline.TrafficExtractor | Skip point (10.553224,106.782909): HTTP 400 from https://api.tomtom.com/traffic/services/4/flowSegmentData/absolute/10/json
[2026-03-04 15:02:47] DEBUG    data_pipeline.TrafficExtractor | GET https://api.tomtom.com/traffic/services/4/flowSegmentData/absolute/10/json params={'key': 'nYiEtOLKFLyDntCB7Lyb8O8pzaiV6eWx', 'point': '10.553224,106.782909', 'unit': 'KMPH'}
[2026-03-04 15:02:48] WARNING  data_pipeline.TrafficExtractor | Skip point (10.553224,106.782909): HTTP 400 from https://api.tomtom.com/traffic/services/4/flowSegmentData/absolute/10/json
[2026-03-04 15:02:48] INFO     data_pipeline.TrafficExtractor | Extracted 17/25 responses
[2026-03-04 15:02:48] INFO     data_pipeline.traffic_pipeline | Extracted 17 raw responses
[2026-03-04 15:02:48] INFO     data_pipeline.TrafficTransformer | Transformed 17 fact_traffic_flow records
[2026-03-04 15:02:48] INFO     data_pipeline.traffic_pipeline | Transformed 17 records
[2026-03-04 15:02:48] INFO     data_pipeline.TrafficLoader | Ensured partition fact_traffic_flow_202603
[2026-03-04 15:02:48] INFO     data_pipeline.TrafficLoader | Batch 1: upserted 17/17 rows
[2026-03-04 15:02:48] INFO     data_pipeline.traffic_pipeline | Loaded 17 records → fact_traffic_flow
[2026-03-04 15:02:48] INFO     data_pipeline.main | [run-realtime] traffic_pipeline: 17 records
[2026-03-04 15:02:48] INFO     data_pipeline.IncidentExtractor | Extracting incidents for bbox: 10.743,106.663,10.803,106.723
[2026-03-04 15:02:48] DEBUG    data_pipeline.IncidentExtractor | GET https://api.tomtom.com/traffic/services/5/incidentDetails params={'key': 'nYiEtOLKFLyDntCB7Lyb8O8pzaiV6eWx', 'bbox': '10.743,106.663,10.803,106.723', 'fields': '{incidents{type,geometry{type,coordinates},properties{id,iconCategory,magnitudeOfDelay,startTime,endTime,from,to,delay,length}}}', 'language': 'en-US', 'timeValidityFilter': 'present'}
[2026-03-04 15:02:49] INFO     data_pipeline.incident_pipeline | Extracted incidents from TomTom
[2026-03-04 15:02:49] INFO     data_pipeline.IncidentTransformer | Transformed 0 fact_incident records
[2026-03-04 15:02:49] INFO     data_pipeline.incident_pipeline | Transformed 0 records
[2026-03-04 15:02:49] INFO     data_pipeline.incident_pipeline | Loaded 0 records → fact_incident
[2026-03-04 15:02:49] INFO     data_pipeline.main | [run-realtime] incident_pipeline: 0 records
[2026-03-04 15:07:02] INFO     data_pipeline.database | SQLAlchemy Engine created
[2026-03-04 15:07:02] INFO     data_pipeline.WeatherExtractor | Extracting weather for (10.7764, 106.7011)
[2026-03-04 15:07:02] DEBUG    data_pipeline.WeatherExtractor | GET https://api.openweathermap.org/data/2.5/weather params={'lat': 10.7764, 'lon': 106.7011, 'appid': '3ffe1f60270c3ea6568764bae7c95bc3', 'units': 'metric', 'lang': 'vi'}
[2026-03-04 15:07:03] INFO     data_pipeline.weather_pipeline | Extracted weather data from OpenWeatherMap
[2026-03-04 15:07:03] INFO     data_pipeline.WeatherTransformer | Transformed weather: id=500, category=Rain, severity=3
[2026-03-04 15:07:03] INFO     data_pipeline.WeatherLoader | Batch 1: upserted 1/1 rows
[2026-03-04 15:07:03] INFO     data_pipeline.weather_pipeline | Loaded 1 records → dim_weather
[2026-03-04 15:07:03] INFO     data_pipeline.main | [run-realtime] weather_pipeline: weather_key=500
[2026-03-04 15:07:04] INFO     data_pipeline.main | [run-realtime] Loaded 25 segment points from DB
[2026-03-04 15:07:04] INFO     data_pipeline.TrafficExtractor | Extracting traffic flow for 25 segments
[2026-03-04 15:07:04] DEBUG    data_pipeline.TrafficExtractor | GET https://api.tomtom.com/traffic/services/4/flowSegmentData/absolute/10/json params={'key': 'nYiEtOLKFLyDntCB7Lyb8O8pzaiV6eWx', 'point': '10.907282,106.497314', 'unit': 'KMPH'}
[2026-03-04 15:07:05] DEBUG    data_pipeline.TrafficExtractor | GET https://api.tomtom.com/traffic/services/4/flowSegmentData/absolute/10/json params={'key': 'nYiEtOLKFLyDntCB7Lyb8O8pzaiV6eWx', 'point': '10.907282,106.497314', 'unit': 'KMPH'}
[2026-03-04 15:07:05] DEBUG    data_pipeline.TrafficExtractor | GET https://api.tomtom.com/traffic/services/4/flowSegmentData/absolute/10/json params={'key': 'nYiEtOLKFLyDntCB7Lyb8O8pzaiV6eWx', 'point': '10.639254,106.842468', 'unit': 'KMPH'}
[2026-03-04 15:07:05] DEBUG    data_pipeline.TrafficExtractor | GET https://api.tomtom.com/traffic/services/4/flowSegmentData/absolute/10/json params={'key': 'nYiEtOLKFLyDntCB7Lyb8O8pzaiV6eWx', 'point': '10.639254,106.842468', 'unit': 'KMPH'}
[2026-03-04 15:07:06] DEBUG    data_pipeline.TrafficExtractor | GET https://api.tomtom.com/traffic/services/4/flowSegmentData/absolute/10/json params={'key': 'nYiEtOLKFLyDntCB7Lyb8O8pzaiV6eWx', 'point': '10.930813,106.474887', 'unit': 'KMPH'}
[2026-03-04 15:07:06] DEBUG    data_pipeline.TrafficExtractor | GET https://api.tomtom.com/traffic/services/4/flowSegmentData/absolute/10/json params={'key': 'nYiEtOLKFLyDntCB7Lyb8O8pzaiV6eWx', 'point': '10.930813,106.474887', 'unit': 'KMPH'}
[2026-03-04 15:07:06] DEBUG    data_pipeline.TrafficExtractor | GET https://api.tomtom.com/traffic/services/4/flowSegmentData/absolute/10/json params={'key': 'nYiEtOLKFLyDntCB7Lyb8O8pzaiV6eWx', 'point': '10.494615,106.765546', 'unit': 'KMPH'}
[2026-03-04 15:07:06] WARNING  data_pipeline.TrafficExtractor | Skip point (10.494615,106.765546): HTTP 400 from https://api.tomtom.com/traffic/services/4/flowSegmentData/absolute/10/json
[2026-03-04 15:07:06] DEBUG    data_pipeline.TrafficExtractor | GET https://api.tomtom.com/traffic/services/4/flowSegmentData/absolute/10/json params={'key': 'nYiEtOLKFLyDntCB7Lyb8O8pzaiV6eWx', 'point': '10.494615,106.765546', 'unit': 'KMPH'}
[2026-03-04 15:07:07] WARNING  data_pipeline.TrafficExtractor | Skip point (10.494615,106.765546): HTTP 400 from https://api.tomtom.com/traffic/services/4/flowSegmentData/absolute/10/json
[2026-03-04 15:07:07] DEBUG    data_pipeline.TrafficExtractor | GET https://api.tomtom.com/traffic/services/4/flowSegmentData/absolute/10/json params={'key': 'nYiEtOLKFLyDntCB7Lyb8O8pzaiV6eWx', 'point': '10.637961,106.982398', 'unit': 'KMPH'}
[2026-03-04 15:07:07] WARNING  data_pipeline.TrafficExtractor | Skip point (10.637961,106.982398): HTTP 400 from https://api.tomtom.com/traffic/services/4/flowSegmentData/absolute/10/json
[2026-03-04 15:07:07] DEBUG    data_pipeline.TrafficExtractor | GET https://api.tomtom.com/traffic/services/4/flowSegmentData/absolute/10/json params={'key': 'nYiEtOLKFLyDntCB7Lyb8O8pzaiV6eWx', 'point': '10.637897,106.98228', 'unit': 'KMPH'}
[2026-03-04 15:07:07] WARNING  data_pipeline.TrafficExtractor | Skip point (10.637897,106.98228): HTTP 400 from https://api.tomtom.com/traffic/services/4/flowSegmentData/absolute/10/json
[2026-03-04 15:07:07] DEBUG    data_pipeline.TrafficExtractor | GET https://api.tomtom.com/traffic/services/4/flowSegmentData/absolute/10/json params={'key': 'nYiEtOLKFLyDntCB7Lyb8O8pzaiV6eWx', 'point': '10.916966,106.859714', 'unit': 'KMPH'}
[2026-03-04 15:07:07] DEBUG    data_pipeline.TrafficExtractor | GET https://api.tomtom.com/traffic/services/4/flowSegmentData/absolute/10/json params={'key': 'nYiEtOLKFLyDntCB7Lyb8O8pzaiV6eWx', 'point': '10.495411,106.558755', 'unit': 'KMPH'}
[2026-03-04 15:07:08] DEBUG    data_pipeline.TrafficExtractor | GET https://api.tomtom.com/traffic/services/4/flowSegmentData/absolute/10/json params={'key': 'nYiEtOLKFLyDntCB7Lyb8O8pzaiV6eWx', 'point': '10.495411,106.558755', 'unit': 'KMPH'}
[2026-03-04 15:07:08] DEBUG    data_pipeline.TrafficExtractor | GET https://api.tomtom.com/traffic/services/4/flowSegmentData/absolute/10/json params={'key': 'nYiEtOLKFLyDntCB7Lyb8O8pzaiV6eWx', 'point': '10.702449,106.876166', 'unit': 'KMPH'}
[2026-03-04 15:07:08] DEBUG    data_pipeline.TrafficExtractor | GET https://api.tomtom.com/traffic/services/4/flowSegmentData/absolute/10/json params={'key': 'nYiEtOLKFLyDntCB7Lyb8O8pzaiV6eWx', 'point': '10.702161,106.876227', 'unit': 'KMPH'}
[2026-03-04 15:07:09] DEBUG    data_pipeline.TrafficExtractor | GET https://api.tomtom.com/traffic/services/4/flowSegmentData/absolute/10/json params={'key': 'nYiEtOLKFLyDntCB7Lyb8O8pzaiV6eWx', 'point': '10.697576,106.622656', 'unit': 'KMPH'}
[2026-03-04 15:07:09] DEBUG    data_pipeline.TrafficExtractor | GET https://api.tomtom.com/traffic/services/4/flowSegmentData/absolute/10/json params={'key': 'nYiEtOLKFLyDntCB7Lyb8O8pzaiV6eWx', 'point': '10.519207,107.024265', 'unit': 'KMPH'}
[2026-03-04 15:07:09] DEBUG    data_pipeline.TrafficExtractor | GET https://api.tomtom.com/traffic/services/4/flowSegmentData/absolute/10/json params={'key': 'nYiEtOLKFLyDntCB7Lyb8O8pzaiV6eWx', 'point': '10.519157,107.024354', 'unit': 'KMPH'}
[2026-03-04 15:07:09] DEBUG    data_pipeline.TrafficExtractor | GET https://api.tomtom.com/traffic/services/4/flowSegmentData/absolute/10/json params={'key': 'nYiEtOLKFLyDntCB7Lyb8O8pzaiV6eWx', 'point': '10.697937,106.622361', 'unit': 'KMPH'}
[2026-03-04 15:07:10] DEBUG    data_pipeline.TrafficExtractor | GET https://api.tomtom.com/traffic/services/4/flowSegmentData/absolute/10/json params={'key': 'nYiEtOLKFLyDntCB7Lyb8O8pzaiV6eWx', 'point': '10.749745,107.064428', 'unit': 'KMPH'}
[2026-03-04 15:07:10] DEBUG    data_pipeline.TrafficExtractor | GET https://api.tomtom.com/traffic/services/4/flowSegmentData/absolute/10/json params={'key': 'nYiEtOLKFLyDntCB7Lyb8O8pzaiV6eWx', 'point': '10.749745,107.064428', 'unit': 'KMPH'}
[2026-03-04 15:07:10] DEBUG    data_pipeline.TrafficExtractor | GET https://api.tomtom.com/traffic/services/4/flowSegmentData/absolute/10/json params={'key': 'nYiEtOLKFLyDntCB7Lyb8O8pzaiV6eWx', 'point': '10.463979,106.736248', 'unit': 'KMPH'}
[2026-03-04 15:07:10] WARNING  data_pipeline.TrafficExtractor | Skip point (10.463979,106.736248): HTTP 400 from https://api.tomtom.com/traffic/services/4/flowSegmentData/absolute/10/json
[2026-03-04 15:07:10] DEBUG    data_pipeline.TrafficExtractor | GET https://api.tomtom.com/traffic/services/4/flowSegmentData/absolute/10/json params={'key': 'nYiEtOLKFLyDntCB7Lyb8O8pzaiV6eWx', 'point': '10.463979,106.736248', 'unit': 'KMPH'}
[2026-03-04 15:07:11] WARNING  data_pipeline.TrafficExtractor | Skip point (10.463979,106.736248): HTTP 400 from https://api.tomtom.com/traffic/services/4/flowSegmentData/absolute/10/json
[2026-03-04 15:07:11] DEBUG    data_pipeline.TrafficExtractor | GET https://api.tomtom.com/traffic/services/4/flowSegmentData/absolute/10/json params={'key': 'nYiEtOLKFLyDntCB7Lyb8O8pzaiV6eWx', 'point': '10.553224,106.782909', 'unit': 'KMPH'}
[2026-03-04 15:07:11] WARNING  data_pipeline.TrafficExtractor | Skip point (10.553224,106.782909): HTTP 400 from https://api.tomtom.com/traffic/services/4/flowSegmentData/absolute/10/json
[2026-03-04 15:07:11] DEBUG    data_pipeline.TrafficExtractor | GET https://api.tomtom.com/traffic/services/4/flowSegmentData/absolute/10/json params={'key': 'nYiEtOLKFLyDntCB7Lyb8O8pzaiV6eWx', 'point': '10.553224,106.782909', 'unit': 'KMPH'}
[2026-03-04 15:07:11] WARNING  data_pipeline.TrafficExtractor | Skip point (10.553224,106.782909): HTTP 400 from https://api.tomtom.com/traffic/services/4/flowSegmentData/absolute/10/json
[2026-03-04 15:07:11] INFO     data_pipeline.TrafficExtractor | Extracted 17/25 responses
[2026-03-04 15:07:11] INFO     data_pipeline.traffic_pipeline | Extracted 17 raw responses
[2026-03-04 15:07:11] INFO     data_pipeline.TrafficTransformer | Transformed 17 fact_traffic_flow records
[2026-03-04 15:07:11] INFO     data_pipeline.traffic_pipeline | Transformed 17 records
[2026-03-04 15:07:11] INFO     data_pipeline.TrafficLoader | Ensured partition fact_traffic_flow_202603
[2026-03-04 15:07:11] INFO     data_pipeline.TrafficLoader | Batch 1: upserted 17/17 rows
[2026-03-04 15:07:11] INFO     data_pipeline.traffic_pipeline | Loaded 17 records → fact_traffic_flow
[2026-03-04 15:07:11] INFO     data_pipeline.main | [run-realtime] traffic_pipeline: 17 records
[2026-03-04 15:07:12] INFO     data_pipeline.IncidentExtractor | Extracting incidents for bbox: 10.4,106.4,10.95,107.1
[2026-03-04 15:07:12] DEBUG    data_pipeline.IncidentExtractor | GET https://api.tomtom.com/traffic/services/5/incidentDetails params={'key': 'nYiEtOLKFLyDntCB7Lyb8O8pzaiV6eWx', 'bbox': '10.4,106.4,10.95,107.1', 'fields': '{incidents{type,geometry{type,coordinates},properties{id,iconCategory,magnitudeOfDelay,startTime,endTime,from,to,delay,length}}}', 'language': 'en-US', 'timeValidityFilter': 'present'}
[2026-03-04 15:07:13] INFO     data_pipeline.incident_pipeline | Extracted incidents from TomTom
[2026-03-04 15:07:13] INFO     data_pipeline.IncidentTransformer | Transformed 0 fact_incident records
[2026-03-04 15:07:13] INFO     data_pipeline.incident_pipeline | Transformed 0 records
[2026-03-04 15:07:13] INFO     data_pipeline.incident_pipeline | Loaded 0 records → fact_incident
[2026-03-04 15:07:13] INFO     data_pipeline.main | [run-realtime] incident_pipeline: 0 records
[2026-03-04 15:12:21] INFO     data_pipeline.database | SQLAlchemy Engine created
[2026-03-04 15:12:21] INFO     data_pipeline.DateTimeTransformer | Generated 48 dim_month_year rows
[2026-03-04 15:12:21] INFO     data_pipeline.DateTimeTransformer | Generated 7 dim_shift rows
[2026-03-04 15:12:21] INFO     data_pipeline.DateTimeTransformer | Generated 1461 dim_date rows
[2026-03-04 15:12:21] INFO     data_pipeline.DateTimeTransformer | Generated 1440 dim_time_of_day rows
[2026-03-04 15:12:21] INFO     data_pipeline.MonthYearLoader | Batch 1: upserted 0/48 rows
[2026-03-04 15:12:21] INFO     data_pipeline.date_time_pipeline | Loaded 0 records → dim_month_year
[2026-03-04 15:12:21] INFO     data_pipeline.ShiftLoader | Batch 1: upserted 7/7 rows
[2026-03-04 15:12:21] INFO     data_pipeline.date_time_pipeline | Loaded 7 records → dim_shift
[2026-03-04 15:12:21] WARNING  data_pipeline.DateLoader | Could not create partition dim_date_202401: (psycopg2.errors.InvalidObjectDefinition) "dim_date" is not partitioned

[SQL: CREATE TABLE IF NOT EXISTS dim_date_202401 PARTITION OF dim_date FOR VALUES FROM (20240101) TO (20240201)]
(Background on this error at: https://sqlalche.me/e/20/f405)
[2026-03-04 15:12:21] WARNING  data_pipeline.DateLoader | Could not create partition dim_date_202402: (psycopg2.errors.InvalidObjectDefinition) "dim_date" is not partitioned

[SQL: CREATE TABLE IF NOT EXISTS dim_date_202402 PARTITION OF dim_date FOR VALUES FROM (20240201) TO (20240301)]
(Background on this error at: https://sqlalche.me/e/20/f405)
[2026-03-04 15:12:21] WARNING  data_pipeline.DateLoader | Could not create partition dim_date_202403: (psycopg2.errors.InvalidObjectDefinition) "dim_date" is not partitioned

[SQL: CREATE TABLE IF NOT EXISTS dim_date_202403 PARTITION OF dim_date FOR VALUES FROM (20240301) TO (20240401)]
(Background on this error at: https://sqlalche.me/e/20/f405)
[2026-03-04 15:12:21] WARNING  data_pipeline.DateLoader | Could not create partition dim_date_202404: (psycopg2.errors.InvalidObjectDefinition) "dim_date" is not partitioned

[SQL: CREATE TABLE IF NOT EXISTS dim_date_202404 PARTITION OF dim_date FOR VALUES FROM (20240401) TO (20240501)]
(Background on this error at: https://sqlalche.me/e/20/f405)
[2026-03-04 15:12:21] WARNING  data_pipeline.DateLoader | Could not create partition dim_date_202405: (psycopg2.errors.InvalidObjectDefinition) "dim_date" is not partitioned

[SQL: CREATE TABLE IF NOT EXISTS dim_date_202405 PARTITION OF dim_date FOR VALUES FROM (20240501) TO (20240601)]
(Background on this error at: https://sqlalche.me/e/20/f405)
[2026-03-04 15:12:21] WARNING  data_pipeline.DateLoader | Could not create partition dim_date_202406: (psycopg2.errors.InvalidObjectDefinition) "dim_date" is not partitioned

[SQL: CREATE TABLE IF NOT EXISTS dim_date_202406 PARTITION OF dim_date FOR VALUES FROM (20240601) TO (20240701)]
(Background on this error at: https://sqlalche.me/e/20/f405)
[2026-03-04 15:12:21] WARNING  data_pipeline.DateLoader | Could not create partition dim_date_202407: (psycopg2.errors.InvalidObjectDefinition) "dim_date" is not partitioned

[SQL: CREATE TABLE IF NOT EXISTS dim_date_202407 PARTITION OF dim_date FOR VALUES FROM (20240701) TO (20240801)]
(Background on this error at: https://sqlalche.me/e/20/f405)
[2026-03-04 15:12:21] WARNING  data_pipeline.DateLoader | Could not create partition dim_date_202408: (psycopg2.errors.InvalidObjectDefinition) "dim_date" is not partitioned

[SQL: CREATE TABLE IF NOT EXISTS dim_date_202408 PARTITION OF dim_date FOR VALUES FROM (20240801) TO (20240901)]
(Background on this error at: https://sqlalche.me/e/20/f405)
[2026-03-04 15:12:21] WARNING  data_pipeline.DateLoader | Could not create partition dim_date_202409: (psycopg2.errors.InvalidObjectDefinition) "dim_date" is not partitioned

[SQL: CREATE TABLE IF NOT EXISTS dim_date_202409 PARTITION OF dim_date FOR VALUES FROM (20240901) TO (20241001)]
(Background on this error at: https://sqlalche.me/e/20/f405)
[2026-03-04 15:12:21] WARNING  data_pipeline.DateLoader | Could not create partition dim_date_202410: (psycopg2.errors.InvalidObjectDefinition) "dim_date" is not partitioned

[SQL: CREATE TABLE IF NOT EXISTS dim_date_202410 PARTITION OF dim_date FOR VALUES FROM (20241001) TO (20241101)]
(Background on this error at: https://sqlalche.me/e/20/f405)
[2026-03-04 15:12:21] WARNING  data_pipeline.DateLoader | Could not create partition dim_date_202411: (psycopg2.errors.InvalidObjectDefinition) "dim_date" is not partitioned

[SQL: CREATE TABLE IF NOT EXISTS dim_date_202411 PARTITION OF dim_date FOR VALUES FROM (20241101) TO (20241201)]
(Background on this error at: https://sqlalche.me/e/20/f405)
[2026-03-04 15:12:21] WARNING  data_pipeline.DateLoader | Could not create partition dim_date_202412: (psycopg2.errors.InvalidObjectDefinition) "dim_date" is not partitioned

[SQL: CREATE TABLE IF NOT EXISTS dim_date_202412 PARTITION OF dim_date FOR VALUES FROM (20241201) TO (20250101)]
(Background on this error at: https://sqlalche.me/e/20/f405)
[2026-03-04 15:12:21] WARNING  data_pipeline.DateLoader | Could not create partition dim_date_202501: (psycopg2.errors.InvalidObjectDefinition) "dim_date" is not partitioned

[SQL: CREATE TABLE IF NOT EXISTS dim_date_202501 PARTITION OF dim_date FOR VALUES FROM (20250101) TO (20250201)]
(Background on this error at: https://sqlalche.me/e/20/f405)
[2026-03-04 15:12:21] WARNING  data_pipeline.DateLoader | Could not create partition dim_date_202502: (psycopg2.errors.InvalidObjectDefinition) "dim_date" is not partitioned

[SQL: CREATE TABLE IF NOT EXISTS dim_date_202502 PARTITION OF dim_date FOR VALUES FROM (20250201) TO (20250301)]
(Background on this error at: https://sqlalche.me/e/20/f405)
[2026-03-04 15:12:21] WARNING  data_pipeline.DateLoader | Could not create partition dim_date_202503: (psycopg2.errors.InvalidObjectDefinition) "dim_date" is not partitioned

[SQL: CREATE TABLE IF NOT EXISTS dim_date_202503 PARTITION OF dim_date FOR VALUES FROM (20250301) TO (20250401)]
(Background on this error at: https://sqlalche.me/e/20/f405)
[2026-03-04 15:12:21] WARNING  data_pipeline.DateLoader | Could not create partition dim_date_202504: (psycopg2.errors.InvalidObjectDefinition) "dim_date" is not partitioned

[SQL: CREATE TABLE IF NOT EXISTS dim_date_202504 PARTITION OF dim_date FOR VALUES FROM (20250401) TO (20250501)]
(Background on this error at: https://sqlalche.me/e/20/f405)
[2026-03-04 15:12:21] WARNING  data_pipeline.DateLoader | Could not create partition dim_date_202505: (psycopg2.errors.InvalidObjectDefinition) "dim_date" is not partitioned

[SQL: CREATE TABLE IF NOT EXISTS dim_date_202505 PARTITION OF dim_date FOR VALUES FROM (20250501) TO (20250601)]
(Background on this error at: https://sqlalche.me/e/20/f405)
[2026-03-04 15:12:21] WARNING  data_pipeline.DateLoader | Could not create partition dim_date_202506: (psycopg2.errors.InvalidObjectDefinition) "dim_date" is not partitioned

[SQL: CREATE TABLE IF NOT EXISTS dim_date_202506 PARTITION OF dim_date FOR VALUES FROM (20250601) TO (20250701)]
(Background on this error at: https://sqlalche.me/e/20/f405)
[2026-03-04 15:12:21] WARNING  data_pipeline.DateLoader | Could not create partition dim_date_202507: (psycopg2.errors.InvalidObjectDefinition) "dim_date" is not partitioned

[SQL: CREATE TABLE IF NOT EXISTS dim_date_202507 PARTITION OF dim_date FOR VALUES FROM (20250701) TO (20250801)]
(Background on this error at: https://sqlalche.me/e/20/f405)
[2026-03-04 15:12:21] WARNING  data_pipeline.DateLoader | Could not create partition dim_date_202508: (psycopg2.errors.InvalidObjectDefinition) "dim_date" is not partitioned

[SQL: CREATE TABLE IF NOT EXISTS dim_date_202508 PARTITION OF dim_date FOR VALUES FROM (20250801) TO (20250901)]
(Background on this error at: https://sqlalche.me/e/20/f405)
[2026-03-04 15:12:21] WARNING  data_pipeline.DateLoader | Could not create partition dim_date_202509: (psycopg2.errors.InvalidObjectDefinition) "dim_date" is not partitioned

[SQL: CREATE TABLE IF NOT EXISTS dim_date_202509 PARTITION OF dim_date FOR VALUES FROM (20250901) TO (20251001)]
(Background on this error at: https://sqlalche.me/e/20/f405)
[2026-03-04 15:12:21] WARNING  data_pipeline.DateLoader | Could not create partition dim_date_202510: (psycopg2.errors.InvalidObjectDefinition) "dim_date" is not partitioned

[SQL: CREATE TABLE IF NOT EXISTS dim_date_202510 PARTITION OF dim_date FOR VALUES FROM (20251001) TO (20251101)]
(Background on this error at: https://sqlalche.me/e/20/f405)
[2026-03-04 15:12:21] WARNING  data_pipeline.DateLoader | Could not create partition dim_date_202511: (psycopg2.errors.InvalidObjectDefinition) "dim_date" is not partitioned

[SQL: CREATE TABLE IF NOT EXISTS dim_date_202511 PARTITION OF dim_date FOR VALUES FROM (20251101) TO (20251201)]
(Background on this error at: https://sqlalche.me/e/20/f405)
[2026-03-04 15:12:21] WARNING  data_pipeline.DateLoader | Could not create partition dim_date_202512: (psycopg2.errors.InvalidObjectDefinition) "dim_date" is not partitioned

[SQL: CREATE TABLE IF NOT EXISTS dim_date_202512 PARTITION OF dim_date FOR VALUES FROM (20251201) TO (20260101)]
(Background on this error at: https://sqlalche.me/e/20/f405)
[2026-03-04 15:12:22] WARNING  data_pipeline.DateLoader | Could not create partition dim_date_202601: (psycopg2.errors.InvalidObjectDefinition) "dim_date" is not partitioned

[SQL: CREATE TABLE IF NOT EXISTS dim_date_202601 PARTITION OF dim_date FOR VALUES FROM (20260101) TO (20260201)]
(Background on this error at: https://sqlalche.me/e/20/f405)
[2026-03-04 15:12:22] WARNING  data_pipeline.DateLoader | Could not create partition dim_date_202602: (psycopg2.errors.InvalidObjectDefinition) "dim_date" is not partitioned

[SQL: CREATE TABLE IF NOT EXISTS dim_date_202602 PARTITION OF dim_date FOR VALUES FROM (20260201) TO (20260301)]
(Background on this error at: https://sqlalche.me/e/20/f405)
[2026-03-04 15:12:22] WARNING  data_pipeline.DateLoader | Could not create partition dim_date_202603: (psycopg2.errors.InvalidObjectDefinition) "dim_date" is not partitioned

[SQL: CREATE TABLE IF NOT EXISTS dim_date_202603 PARTITION OF dim_date FOR VALUES FROM (20260301) TO (20260401)]
(Background on this error at: https://sqlalche.me/e/20/f405)
[2026-03-04 15:12:22] WARNING  data_pipeline.DateLoader | Could not create partition dim_date_202604: (psycopg2.errors.InvalidObjectDefinition) "dim_date" is not partitioned

[SQL: CREATE TABLE IF NOT EXISTS dim_date_202604 PARTITION OF dim_date FOR VALUES FROM (20260401) TO (20260501)]
(Background on this error at: https://sqlalche.me/e/20/f405)
[2026-03-04 15:12:22] WARNING  data_pipeline.DateLoader | Could not create partition dim_date_202605: (psycopg2.errors.InvalidObjectDefinition) "dim_date" is not partitioned

[SQL: CREATE TABLE IF NOT EXISTS dim_date_202605 PARTITION OF dim_date FOR VALUES FROM (20260501) TO (20260601)]
(Background on this error at: https://sqlalche.me/e/20/f405)
[2026-03-04 15:12:22] WARNING  data_pipeline.DateLoader | Could not create partition dim_date_202606: (psycopg2.errors.InvalidObjectDefinition) "dim_date" is not partitioned

[SQL: CREATE TABLE IF NOT EXISTS dim_date_202606 PARTITION OF dim_date FOR VALUES FROM (20260601) TO (20260701)]
(Background on this error at: https://sqlalche.me/e/20/f405)
[2026-03-04 15:12:22] WARNING  data_pipeline.DateLoader | Could not create partition dim_date_202607: (psycopg2.errors.InvalidObjectDefinition) "dim_date" is not partitioned

[SQL: CREATE TABLE IF NOT EXISTS dim_date_202607 PARTITION OF dim_date FOR VALUES FROM (20260701) TO (20260801)]
(Background on this error at: https://sqlalche.me/e/20/f405)
[2026-03-04 15:12:22] WARNING  data_pipeline.DateLoader | Could not create partition dim_date_202608: (psycopg2.errors.InvalidObjectDefinition) "dim_date" is not partitioned

[SQL: CREATE TABLE IF NOT EXISTS dim_date_202608 PARTITION OF dim_date FOR VALUES FROM (20260801) TO (20260901)]
(Background on this error at: https://sqlalche.me/e/20/f405)
[2026-03-04 15:12:22] WARNING  data_pipeline.DateLoader | Could not create partition dim_date_202609: (psycopg2.errors.InvalidObjectDefinition) "dim_date" is not partitioned

[SQL: CREATE TABLE IF NOT EXISTS dim_date_202609 PARTITION OF dim_date FOR VALUES FROM (20260901) TO (20261001)]
(Background on this error at: https://sqlalche.me/e/20/f405)
[2026-03-04 15:12:22] WARNING  data_pipeline.DateLoader | Could not create partition dim_date_202610: (psycopg2.errors.InvalidObjectDefinition) "dim_date" is not partitioned

[SQL: CREATE TABLE IF NOT EXISTS dim_date_202610 PARTITION OF dim_date FOR VALUES FROM (20261001) TO (20261101)]
(Background on this error at: https://sqlalche.me/e/20/f405)
[2026-03-04 15:12:22] WARNING  data_pipeline.DateLoader | Could not create partition dim_date_202611: (psycopg2.errors.InvalidObjectDefinition) "dim_date" is not partitioned

[SQL: CREATE TABLE IF NOT EXISTS dim_date_202611 PARTITION OF dim_date FOR VALUES FROM (20261101) TO (20261201)]
(Background on this error at: https://sqlalche.me/e/20/f405)
[2026-03-04 15:12:22] WARNING  data_pipeline.DateLoader | Could not create partition dim_date_202612: (psycopg2.errors.InvalidObjectDefinition) "dim_date" is not partitioned

[SQL: CREATE TABLE IF NOT EXISTS dim_date_202612 PARTITION OF dim_date FOR VALUES FROM (20261201) TO (20270101)]
(Background on this error at: https://sqlalche.me/e/20/f405)
[2026-03-04 15:12:22] WARNING  data_pipeline.DateLoader | Could not create partition dim_date_202701: (psycopg2.errors.InvalidObjectDefinition) "dim_date" is not partitioned

[SQL: CREATE TABLE IF NOT EXISTS dim_date_202701 PARTITION OF dim_date FOR VALUES FROM (20270101) TO (20270201)]
(Background on this error at: https://sqlalche.me/e/20/f405)
[2026-03-04 15:12:22] WARNING  data_pipeline.DateLoader | Could not create partition dim_date_202702: (psycopg2.errors.InvalidObjectDefinition) "dim_date" is not partitioned

[SQL: CREATE TABLE IF NOT EXISTS dim_date_202702 PARTITION OF dim_date FOR VALUES FROM (20270201) TO (20270301)]
(Background on this error at: https://sqlalche.me/e/20/f405)
[2026-03-04 15:12:22] WARNING  data_pipeline.DateLoader | Could not create partition dim_date_202703: (psycopg2.errors.InvalidObjectDefinition) "dim_date" is not partitioned

[SQL: CREATE TABLE IF NOT EXISTS dim_date_202703 PARTITION OF dim_date FOR VALUES FROM (20270301) TO (20270401)]
(Background on this error at: https://sqlalche.me/e/20/f405)
[2026-03-04 15:12:22] WARNING  data_pipeline.DateLoader | Could not create partition dim_date_202704: (psycopg2.errors.InvalidObjectDefinition) "dim_date" is not partitioned

[SQL: CREATE TABLE IF NOT EXISTS dim_date_202704 PARTITION OF dim_date FOR VALUES FROM (20270401) TO (20270501)]
(Background on this error at: https://sqlalche.me/e/20/f405)
[2026-03-04 15:12:22] WARNING  data_pipeline.DateLoader | Could not create partition dim_date_202705: (psycopg2.errors.InvalidObjectDefinition) "dim_date" is not partitioned

[SQL: CREATE TABLE IF NOT EXISTS dim_date_202705 PARTITION OF dim_date FOR VALUES FROM (20270501) TO (20270601)]
(Background on this error at: https://sqlalche.me/e/20/f405)
[2026-03-04 15:12:22] WARNING  data_pipeline.DateLoader | Could not create partition dim_date_202706: (psycopg2.errors.InvalidObjectDefinition) "dim_date" is not partitioned

[SQL: CREATE TABLE IF NOT EXISTS dim_date_202706 PARTITION OF dim_date FOR VALUES FROM (20270601) TO (20270701)]
(Background on this error at: https://sqlalche.me/e/20/f405)
[2026-03-04 15:12:22] WARNING  data_pipeline.DateLoader | Could not create partition dim_date_202707: (psycopg2.errors.InvalidObjectDefinition) "dim_date" is not partitioned

[SQL: CREATE TABLE IF NOT EXISTS dim_date_202707 PARTITION OF dim_date FOR VALUES FROM (20270701) TO (20270801)]
(Background on this error at: https://sqlalche.me/e/20/f405)
[2026-03-04 15:12:22] WARNING  data_pipeline.DateLoader | Could not create partition dim_date_202708: (psycopg2.errors.InvalidObjectDefinition) "dim_date" is not partitioned

[SQL: CREATE TABLE IF NOT EXISTS dim_date_202708 PARTITION OF dim_date FOR VALUES FROM (20270801) TO (20270901)]
(Background on this error at: https://sqlalche.me/e/20/f405)
[2026-03-04 15:12:22] WARNING  data_pipeline.DateLoader | Could not create partition dim_date_202709: (psycopg2.errors.InvalidObjectDefinition) "dim_date" is not partitioned

[SQL: CREATE TABLE IF NOT EXISTS dim_date_202709 PARTITION OF dim_date FOR VALUES FROM (20270901) TO (20271001)]
(Background on this error at: https://sqlalche.me/e/20/f405)
[2026-03-04 15:12:22] WARNING  data_pipeline.DateLoader | Could not create partition dim_date_202710: (psycopg2.errors.InvalidObjectDefinition) "dim_date" is not partitioned

[SQL: CREATE TABLE IF NOT EXISTS dim_date_202710 PARTITION OF dim_date FOR VALUES FROM (20271001) TO (20271101)]
(Background on this error at: https://sqlalche.me/e/20/f405)
[2026-03-04 15:12:22] WARNING  data_pipeline.DateLoader | Could not create partition dim_date_202711: (psycopg2.errors.InvalidObjectDefinition) "dim_date" is not partitioned

[SQL: CREATE TABLE IF NOT EXISTS dim_date_202711 PARTITION OF dim_date FOR VALUES FROM (20271101) TO (20271201)]
(Background on this error at: https://sqlalche.me/e/20/f405)
[2026-03-04 15:12:22] WARNING  data_pipeline.DateLoader | Could not create partition dim_date_202712: (psycopg2.errors.InvalidObjectDefinition) "dim_date" is not partitioned

[SQL: CREATE TABLE IF NOT EXISTS dim_date_202712 PARTITION OF dim_date FOR VALUES FROM (20271201) TO (20280101)]
(Background on this error at: https://sqlalche.me/e/20/f405)
[2026-03-04 15:12:22] INFO     data_pipeline.DateLoader | Batch 1: upserted 0/500 rows
[2026-03-04 15:12:22] INFO     data_pipeline.DateLoader | Batch 2: upserted 0/500 rows
[2026-03-04 15:12:22] INFO     data_pipeline.DateLoader | Batch 3: upserted 0/461 rows
[2026-03-04 15:12:22] INFO     data_pipeline.date_time_pipeline | Loaded 0 records → dim_date
[2026-03-04 15:12:22] INFO     data_pipeline.TimeOfDayLoader | Batch 1: upserted 500/500 rows
[2026-03-04 15:12:22] INFO     data_pipeline.TimeOfDayLoader | Batch 2: upserted 500/500 rows
[2026-03-04 15:12:22] INFO     data_pipeline.TimeOfDayLoader | Batch 3: upserted 440/440 rows
[2026-03-04 15:12:22] INFO     data_pipeline.date_time_pipeline | Loaded 1440 records → dim_time_of_day
[2026-03-04 15:12:22] INFO     data_pipeline.main | [run-static] date_time_pipeline: 1447 records
[2026-03-04 15:12:22] INFO     data_pipeline.HolidayTransformer | Generated 6 dim_holiday, 52 bridge_date_holiday rows
[2026-03-04 15:12:22] INFO     data_pipeline.HolidayLoader | Batch 1: upserted 0/6 rows
[2026-03-04 15:12:22] INFO     data_pipeline.holiday_pipeline | Loaded 0 records → dim_holiday
[2026-03-04 15:12:22] WARNING  data_pipeline.BridgeDateHolidayLoader | Could not create partition bridge_date_holiday_202401: (psycopg2.errors.InvalidObjectDefinition) "bridge_date_holiday" is not partitioned

[SQL: CREATE TABLE IF NOT EXISTS bridge_date_holiday_202401 PARTITION OF bridge_date_holiday FOR VALUES FROM (20240101) TO (20240201)]
(Background on this error at: https://sqlalche.me/e/20/f405)
[2026-03-04 15:12:22] WARNING  data_pipeline.BridgeDateHolidayLoader | Could not create partition bridge_date_holiday_202402: (psycopg2.errors.InvalidObjectDefinition) "bridge_date_holiday" is not partitioned

[SQL: CREATE TABLE IF NOT EXISTS bridge_date_holiday_202402 PARTITION OF bridge_date_holiday FOR VALUES FROM (20240201) TO (20240301)]
(Background on this error at: https://sqlalche.me/e/20/f405)
[2026-03-04 15:12:22] WARNING  data_pipeline.BridgeDateHolidayLoader | Could not create partition bridge_date_holiday_202404: (psycopg2.errors.InvalidObjectDefinition) "bridge_date_holiday" is not partitioned

[SQL: CREATE TABLE IF NOT EXISTS bridge_date_holiday_202404 PARTITION OF bridge_date_holiday FOR VALUES FROM (20240401) TO (20240501)]
(Background on this error at: https://sqlalche.me/e/20/f405)
[2026-03-04 15:12:22] WARNING  data_pipeline.BridgeDateHolidayLoader | Could not create partition bridge_date_holiday_202405: (psycopg2.errors.InvalidObjectDefinition) "bridge_date_holiday" is not partitioned

[SQL: CREATE TABLE IF NOT EXISTS bridge_date_holiday_202405 PARTITION OF bridge_date_holiday FOR VALUES FROM (20240501) TO (20240601)]
(Background on this error at: https://sqlalche.me/e/20/f405)
[2026-03-04 15:12:22] WARNING  data_pipeline.BridgeDateHolidayLoader | Could not create partition bridge_date_holiday_202409: (psycopg2.errors.InvalidObjectDefinition) "bridge_date_holiday" is not partitioned

[SQL: CREATE TABLE IF NOT EXISTS bridge_date_holiday_202409 PARTITION OF bridge_date_holiday FOR VALUES FROM (20240901) TO (20241001)]
(Background on this error at: https://sqlalche.me/e/20/f405)
[2026-03-04 15:12:22] WARNING  data_pipeline.BridgeDateHolidayLoader | Could not create partition bridge_date_holiday_202501: (psycopg2.errors.InvalidObjectDefinition) "bridge_date_holiday" is not partitioned

[SQL: CREATE TABLE IF NOT EXISTS bridge_date_holiday_202501 PARTITION OF bridge_date_holiday FOR VALUES FROM (20250101) TO (20250201)]
(Background on this error at: https://sqlalche.me/e/20/f405)
[2026-03-04 15:12:22] WARNING  data_pipeline.BridgeDateHolidayLoader | Could not create partition bridge_date_holiday_202502: (psycopg2.errors.InvalidObjectDefinition) "bridge_date_holiday" is not partitioned

[SQL: CREATE TABLE IF NOT EXISTS bridge_date_holiday_202502 PARTITION OF bridge_date_holiday FOR VALUES FROM (20250201) TO (20250301)]
(Background on this error at: https://sqlalche.me/e/20/f405)
[2026-03-04 15:12:22] WARNING  data_pipeline.BridgeDateHolidayLoader | Could not create partition bridge_date_holiday_202504: (psycopg2.errors.InvalidObjectDefinition) "bridge_date_holiday" is not partitioned

[SQL: CREATE TABLE IF NOT EXISTS bridge_date_holiday_202504 PARTITION OF bridge_date_holiday FOR VALUES FROM (20250401) TO (20250501)]
(Background on this error at: https://sqlalche.me/e/20/f405)
[2026-03-04 15:12:22] WARNING  data_pipeline.BridgeDateHolidayLoader | Could not create partition bridge_date_holiday_202505: (psycopg2.errors.InvalidObjectDefinition) "bridge_date_holiday" is not partitioned

[SQL: CREATE TABLE IF NOT EXISTS bridge_date_holiday_202505 PARTITION OF bridge_date_holiday FOR VALUES FROM (20250501) TO (20250601)]
(Background on this error at: https://sqlalche.me/e/20/f405)
[2026-03-04 15:12:22] WARNING  data_pipeline.BridgeDateHolidayLoader | Could not create partition bridge_date_holiday_202509: (psycopg2.errors.InvalidObjectDefinition) "bridge_date_holiday" is not partitioned

[SQL: CREATE TABLE IF NOT EXISTS bridge_date_holiday_202509 PARTITION OF bridge_date_holiday FOR VALUES FROM (20250901) TO (20251001)]
(Background on this error at: https://sqlalche.me/e/20/f405)
[2026-03-04 15:12:22] WARNING  data_pipeline.BridgeDateHolidayLoader | Could not create partition bridge_date_holiday_202601: (psycopg2.errors.InvalidObjectDefinition) "bridge_date_holiday" is not partitioned

[SQL: CREATE TABLE IF NOT EXISTS bridge_date_holiday_202601 PARTITION OF bridge_date_holiday FOR VALUES FROM (20260101) TO (20260201)]
(Background on this error at: https://sqlalche.me/e/20/f405)
[2026-03-04 15:12:22] WARNING  data_pipeline.BridgeDateHolidayLoader | Could not create partition bridge_date_holiday_202602: (psycopg2.errors.InvalidObjectDefinition) "bridge_date_holiday" is not partitioned

[SQL: CREATE TABLE IF NOT EXISTS bridge_date_holiday_202602 PARTITION OF bridge_date_holiday FOR VALUES FROM (20260201) TO (20260301)]
(Background on this error at: https://sqlalche.me/e/20/f405)
[2026-03-04 15:12:22] WARNING  data_pipeline.BridgeDateHolidayLoader | Could not create partition bridge_date_holiday_202604: (psycopg2.errors.InvalidObjectDefinition) "bridge_date_holiday" is not partitioned

[SQL: CREATE TABLE IF NOT EXISTS bridge_date_holiday_202604 PARTITION OF bridge_date_holiday FOR VALUES FROM (20260401) TO (20260501)]
(Background on this error at: https://sqlalche.me/e/20/f405)
[2026-03-04 15:12:22] WARNING  data_pipeline.BridgeDateHolidayLoader | Could not create partition bridge_date_holiday_202605: (psycopg2.errors.InvalidObjectDefinition) "bridge_date_holiday" is not partitioned

[SQL: CREATE TABLE IF NOT EXISTS bridge_date_holiday_202605 PARTITION OF bridge_date_holiday FOR VALUES FROM (20260501) TO (20260601)]
(Background on this error at: https://sqlalche.me/e/20/f405)
[2026-03-04 15:12:22] WARNING  data_pipeline.BridgeDateHolidayLoader | Could not create partition bridge_date_holiday_202609: (psycopg2.errors.InvalidObjectDefinition) "bridge_date_holiday" is not partitioned

[SQL: CREATE TABLE IF NOT EXISTS bridge_date_holiday_202609 PARTITION OF bridge_date_holiday FOR VALUES FROM (20260901) TO (20261001)]
(Background on this error at: https://sqlalche.me/e/20/f405)
[2026-03-04 15:12:22] WARNING  data_pipeline.BridgeDateHolidayLoader | Could not create partition bridge_date_holiday_202701: (psycopg2.errors.InvalidObjectDefinition) "bridge_date_holiday" is not partitioned

[SQL: CREATE TABLE IF NOT EXISTS bridge_date_holiday_202701 PARTITION OF bridge_date_holiday FOR VALUES FROM (20270101) TO (20270201)]
(Background on this error at: https://sqlalche.me/e/20/f405)
[2026-03-04 15:12:22] WARNING  data_pipeline.BridgeDateHolidayLoader | Could not create partition bridge_date_holiday_202702: (psycopg2.errors.InvalidObjectDefinition) "bridge_date_holiday" is not partitioned

[SQL: CREATE TABLE IF NOT EXISTS bridge_date_holiday_202702 PARTITION OF bridge_date_holiday FOR VALUES FROM (20270201) TO (20270301)]
(Background on this error at: https://sqlalche.me/e/20/f405)
[2026-03-04 15:12:22] WARNING  data_pipeline.BridgeDateHolidayLoader | Could not create partition bridge_date_holiday_202704: (psycopg2.errors.InvalidObjectDefinition) "bridge_date_holiday" is not partitioned

[SQL: CREATE TABLE IF NOT EXISTS bridge_date_holiday_202704 PARTITION OF bridge_date_holiday FOR VALUES FROM (20270401) TO (20270501)]
(Background on this error at: https://sqlalche.me/e/20/f405)
[2026-03-04 15:12:23] WARNING  data_pipeline.BridgeDateHolidayLoader | Could not create partition bridge_date_holiday_202705: (psycopg2.errors.InvalidObjectDefinition) "bridge_date_holiday" is not partitioned

[SQL: CREATE TABLE IF NOT EXISTS bridge_date_holiday_202705 PARTITION OF bridge_date_holiday FOR VALUES FROM (20270501) TO (20270601)]
(Background on this error at: https://sqlalche.me/e/20/f405)
[2026-03-04 15:12:23] WARNING  data_pipeline.BridgeDateHolidayLoader | Could not create partition bridge_date_holiday_202709: (psycopg2.errors.InvalidObjectDefinition) "bridge_date_holiday" is not partitioned

[SQL: CREATE TABLE IF NOT EXISTS bridge_date_holiday_202709 PARTITION OF bridge_date_holiday FOR VALUES FROM (20270901) TO (20271001)]
(Background on this error at: https://sqlalche.me/e/20/f405)
[2026-03-04 15:12:23] INFO     data_pipeline.BridgeDateHolidayLoader | Batch 1: upserted 0/52 rows
[2026-03-04 15:12:23] INFO     data_pipeline.holiday_pipeline | Loaded 0 records → bridge_date_holiday
[2026-03-04 15:12:23] INFO     data_pipeline.main | [run-static] holiday_pipeline: 0 records
[2026-03-04 15:12:23] INFO     data_pipeline.WeatherExtractor | Extracting weather for (10.7764, 106.7011)
[2026-03-04 15:12:23] DEBUG    data_pipeline.WeatherExtractor | GET https://api.openweathermap.org/data/2.5/weather params={'lat': 10.7764, 'lon': 106.7011, 'appid': '3ffe1f60270c3ea6568764bae7c95bc3', 'units': 'metric', 'lang': 'vi'}
[2026-03-04 15:12:23] INFO     data_pipeline.weather_pipeline | Extracted weather data from OpenWeatherMap
[2026-03-04 15:12:23] INFO     data_pipeline.WeatherTransformer | Transformed weather: id=500, category=Rain, severity=3
[2026-03-04 15:12:23] INFO     data_pipeline.WeatherLoader | Batch 1: upserted 1/1 rows
[2026-03-04 15:12:23] INFO     data_pipeline.weather_pipeline | Loaded 1 records → dim_weather
[2026-03-04 15:12:23] INFO     data_pipeline.main | [run-realtime] weather_pipeline: weather_key=500
[2026-03-04 15:12:23] INFO     data_pipeline.main | [run-realtime] Loaded 25 segment points from DB
[2026-03-04 15:12:23] INFO     data_pipeline.TrafficExtractor | Extracting traffic flow for 25 segments
[2026-03-04 15:12:23] DEBUG    data_pipeline.TrafficExtractor | GET https://api.tomtom.com/traffic/services/4/flowSegmentData/absolute/10/json params={'key': 'nYiEtOLKFLyDntCB7Lyb8O8pzaiV6eWx', 'point': '10.907282,106.497314', 'unit': 'KMPH'}
[2026-03-04 15:12:25] DEBUG    data_pipeline.TrafficExtractor | GET https://api.tomtom.com/traffic/services/4/flowSegmentData/absolute/10/json params={'key': 'nYiEtOLKFLyDntCB7Lyb8O8pzaiV6eWx', 'point': '10.907282,106.497314', 'unit': 'KMPH'}
[2026-03-04 15:12:25] DEBUG    data_pipeline.TrafficExtractor | GET https://api.tomtom.com/traffic/services/4/flowSegmentData/absolute/10/json params={'key': 'nYiEtOLKFLyDntCB7Lyb8O8pzaiV6eWx', 'point': '10.639254,106.842468', 'unit': 'KMPH'}
[2026-03-04 15:12:25] DEBUG    data_pipeline.TrafficExtractor | GET https://api.tomtom.com/traffic/services/4/flowSegmentData/absolute/10/json params={'key': 'nYiEtOLKFLyDntCB7Lyb8O8pzaiV6eWx', 'point': '10.639254,106.842468', 'unit': 'KMPH'}
[2026-03-04 15:12:26] DEBUG    data_pipeline.TrafficExtractor | GET https://api.tomtom.com/traffic/services/4/flowSegmentData/absolute/10/json params={'key': 'nYiEtOLKFLyDntCB7Lyb8O8pzaiV6eWx', 'point': '10.930813,106.474887', 'unit': 'KMPH'}
[2026-03-04 15:12:26] DEBUG    data_pipeline.TrafficExtractor | GET https://api.tomtom.com/traffic/services/4/flowSegmentData/absolute/10/json params={'key': 'nYiEtOLKFLyDntCB7Lyb8O8pzaiV6eWx', 'point': '10.930813,106.474887', 'unit': 'KMPH'}
[2026-03-04 15:12:26] DEBUG    data_pipeline.TrafficExtractor | GET https://api.tomtom.com/traffic/services/4/flowSegmentData/absolute/10/json params={'key': 'nYiEtOLKFLyDntCB7Lyb8O8pzaiV6eWx', 'point': '10.494615,106.765546', 'unit': 'KMPH'}
[2026-03-04 15:12:27] WARNING  data_pipeline.TrafficExtractor | Skip point (10.494615,106.765546): HTTP 400 from https://api.tomtom.com/traffic/services/4/flowSegmentData/absolute/10/json
[2026-03-04 15:12:27] DEBUG    data_pipeline.TrafficExtractor | GET https://api.tomtom.com/traffic/services/4/flowSegmentData/absolute/10/json params={'key': 'nYiEtOLKFLyDntCB7Lyb8O8pzaiV6eWx', 'point': '10.494615,106.765546', 'unit': 'KMPH'}
[2026-03-04 15:12:27] WARNING  data_pipeline.TrafficExtractor | Skip point (10.494615,106.765546): HTTP 400 from https://api.tomtom.com/traffic/services/4/flowSegmentData/absolute/10/json
[2026-03-04 15:12:27] DEBUG    data_pipeline.TrafficExtractor | GET https://api.tomtom.com/traffic/services/4/flowSegmentData/absolute/10/json params={'key': 'nYiEtOLKFLyDntCB7Lyb8O8pzaiV6eWx', 'point': '10.637961,106.982398', 'unit': 'KMPH'}
[2026-03-04 15:12:27] WARNING  data_pipeline.TrafficExtractor | Skip point (10.637961,106.982398): HTTP 400 from https://api.tomtom.com/traffic/services/4/flowSegmentData/absolute/10/json
[2026-03-04 15:12:27] DEBUG    data_pipeline.TrafficExtractor | GET https://api.tomtom.com/traffic/services/4/flowSegmentData/absolute/10/json params={'key': 'nYiEtOLKFLyDntCB7Lyb8O8pzaiV6eWx', 'point': '10.637897,106.98228', 'unit': 'KMPH'}
[2026-03-04 15:12:27] WARNING  data_pipeline.TrafficExtractor | Skip point (10.637897,106.98228): HTTP 400 from https://api.tomtom.com/traffic/services/4/flowSegmentData/absolute/10/json
[2026-03-04 15:12:27] DEBUG    data_pipeline.TrafficExtractor | GET https://api.tomtom.com/traffic/services/4/flowSegmentData/absolute/10/json params={'key': 'nYiEtOLKFLyDntCB7Lyb8O8pzaiV6eWx', 'point': '10.916966,106.859714', 'unit': 'KMPH'}
[2026-03-04 15:12:28] DEBUG    data_pipeline.TrafficExtractor | GET https://api.tomtom.com/traffic/services/4/flowSegmentData/absolute/10/json params={'key': 'nYiEtOLKFLyDntCB7Lyb8O8pzaiV6eWx', 'point': '10.495411,106.558755', 'unit': 'KMPH'}
[2026-03-04 15:12:28] DEBUG    data_pipeline.TrafficExtractor | GET https://api.tomtom.com/traffic/services/4/flowSegmentData/absolute/10/json params={'key': 'nYiEtOLKFLyDntCB7Lyb8O8pzaiV6eWx', 'point': '10.495411,106.558755', 'unit': 'KMPH'}
[2026-03-04 15:12:29] DEBUG    data_pipeline.TrafficExtractor | GET https://api.tomtom.com/traffic/services/4/flowSegmentData/absolute/10/json params={'key': 'nYiEtOLKFLyDntCB7Lyb8O8pzaiV6eWx', 'point': '10.702449,106.876166', 'unit': 'KMPH'}
[2026-03-04 15:12:29] DEBUG    data_pipeline.TrafficExtractor | GET https://api.tomtom.com/traffic/services/4/flowSegmentData/absolute/10/json params={'key': 'nYiEtOLKFLyDntCB7Lyb8O8pzaiV6eWx', 'point': '10.702161,106.876227', 'unit': 'KMPH'}
[2026-03-04 15:12:29] DEBUG    data_pipeline.TrafficExtractor | GET https://api.tomtom.com/traffic/services/4/flowSegmentData/absolute/10/json params={'key': 'nYiEtOLKFLyDntCB7Lyb8O8pzaiV6eWx', 'point': '10.697576,106.622656', 'unit': 'KMPH'}
[2026-03-04 15:12:30] DEBUG    data_pipeline.TrafficExtractor | GET https://api.tomtom.com/traffic/services/4/flowSegmentData/absolute/10/json params={'key': 'nYiEtOLKFLyDntCB7Lyb8O8pzaiV6eWx', 'point': '10.519207,107.024265', 'unit': 'KMPH'}
[2026-03-04 15:12:30] DEBUG    data_pipeline.TrafficExtractor | GET https://api.tomtom.com/traffic/services/4/flowSegmentData/absolute/10/json params={'key': 'nYiEtOLKFLyDntCB7Lyb8O8pzaiV6eWx', 'point': '10.519157,107.024354', 'unit': 'KMPH'}
[2026-03-04 15:12:31] DEBUG    data_pipeline.TrafficExtractor | GET https://api.tomtom.com/traffic/services/4/flowSegmentData/absolute/10/json params={'key': 'nYiEtOLKFLyDntCB7Lyb8O8pzaiV6eWx', 'point': '10.697937,106.622361', 'unit': 'KMPH'}
[2026-03-04 15:12:31] DEBUG    data_pipeline.TrafficExtractor | GET https://api.tomtom.com/traffic/services/4/flowSegmentData/absolute/10/json params={'key': 'nYiEtOLKFLyDntCB7Lyb8O8pzaiV6eWx', 'point': '10.749745,107.064428', 'unit': 'KMPH'}
[2026-03-04 15:12:31] DEBUG    data_pipeline.TrafficExtractor | GET https://api.tomtom.com/traffic/services/4/flowSegmentData/absolute/10/json params={'key': 'nYiEtOLKFLyDntCB7Lyb8O8pzaiV6eWx', 'point': '10.749745,107.064428', 'unit': 'KMPH'}
[2026-03-04 15:12:31] DEBUG    data_pipeline.TrafficExtractor | GET https://api.tomtom.com/traffic/services/4/flowSegmentData/absolute/10/json params={'key': 'nYiEtOLKFLyDntCB7Lyb8O8pzaiV6eWx', 'point': '10.463979,106.736248', 'unit': 'KMPH'}
[2026-03-04 15:12:32] WARNING  data_pipeline.TrafficExtractor | Skip point (10.463979,106.736248): HTTP 400 from https://api.tomtom.com/traffic/services/4/flowSegmentData/absolute/10/json
[2026-03-04 15:12:32] DEBUG    data_pipeline.TrafficExtractor | GET https://api.tomtom.com/traffic/services/4/flowSegmentData/absolute/10/json params={'key': 'nYiEtOLKFLyDntCB7Lyb8O8pzaiV6eWx', 'point': '10.463979,106.736248', 'unit': 'KMPH'}
[2026-03-04 15:12:32] WARNING  data_pipeline.TrafficExtractor | Skip point (10.463979,106.736248): HTTP 400 from https://api.tomtom.com/traffic/services/4/flowSegmentData/absolute/10/json
[2026-03-04 15:12:32] DEBUG    data_pipeline.TrafficExtractor | GET https://api.tomtom.com/traffic/services/4/flowSegmentData/absolute/10/json params={'key': 'nYiEtOLKFLyDntCB7Lyb8O8pzaiV6eWx', 'point': '10.553224,106.782909', 'unit': 'KMPH'}
[2026-03-04 15:12:32] WARNING  data_pipeline.TrafficExtractor | Skip point (10.553224,106.782909): HTTP 400 from https://api.tomtom.com/traffic/services/4/flowSegmentData/absolute/10/json
[2026-03-04 15:12:32] DEBUG    data_pipeline.TrafficExtractor | GET https://api.tomtom.com/traffic/services/4/flowSegmentData/absolute/10/json params={'key': 'nYiEtOLKFLyDntCB7Lyb8O8pzaiV6eWx', 'point': '10.553224,106.782909', 'unit': 'KMPH'}
[2026-03-04 15:12:33] WARNING  data_pipeline.TrafficExtractor | Skip point (10.553224,106.782909): HTTP 400 from https://api.tomtom.com/traffic/services/4/flowSegmentData/absolute/10/json
[2026-03-04 15:12:33] INFO     data_pipeline.TrafficExtractor | Extracted 17/25 responses
[2026-03-04 15:12:33] INFO     data_pipeline.traffic_pipeline | Extracted 17 raw responses
[2026-03-04 15:12:33] INFO     data_pipeline.TrafficTransformer | Transformed 17 fact_traffic_flow records
[2026-03-04 15:12:33] INFO     data_pipeline.traffic_pipeline | Transformed 17 records
[2026-03-04 15:12:33] INFO     data_pipeline.TrafficLoader | Ensured partition fact_traffic_flow_202603
[2026-03-04 15:12:33] INFO     data_pipeline.TrafficLoader | Batch 1: upserted 17/17 rows
[2026-03-04 15:12:33] INFO     data_pipeline.traffic_pipeline | Loaded 17 records → fact_traffic_flow
[2026-03-04 15:12:33] INFO     data_pipeline.main | [run-realtime] traffic_pipeline: 17 records
[2026-03-04 15:12:33] INFO     data_pipeline.IncidentExtractor | Extracting incidents for bbox: 10.4,106.4,10.95,107.1
[2026-03-04 15:12:33] DEBUG    data_pipeline.IncidentExtractor | GET https://api.tomtom.com/traffic/services/5/incidentDetails params={'key': 'nYiEtOLKFLyDntCB7Lyb8O8pzaiV6eWx', 'bbox': '10.4,106.4,10.95,107.1', 'fields': '{incidents{type,geometry{type,coordinates},properties{id,iconCategory,magnitudeOfDelay,startTime,endTime,from,to,delay,length}}}', 'language': 'en-US', 'timeValidityFilter': 'present'}
[2026-03-04 15:12:36] INFO     data_pipeline.incident_pipeline | Extracted incidents from TomTom
[2026-03-04 15:12:36] INFO     data_pipeline.IncidentTransformer | Transformed 0 fact_incident records
[2026-03-04 15:12:36] INFO     data_pipeline.incident_pipeline | Transformed 0 records
[2026-03-04 15:12:36] INFO     data_pipeline.incident_pipeline | Loaded 0 records → fact_incident
[2026-03-04 15:12:36] INFO     data_pipeline.main | [run-realtime] incident_pipeline: 0 records
[2026-03-04 15:12:36] INFO     data_pipeline.baseline_pipeline | Queried 127 aggregated baseline rows
[2026-03-04 15:12:36] INFO     data_pipeline.BaselineTransformer | Transformed 127 baseline records
[2026-03-04 15:12:36] INFO     data_pipeline.baseline_pipeline | Computed 127 baseline entries
[2026-03-04 15:12:36] INFO     data_pipeline.main | [run-batch] baseline_pipeline: 127 records
[2026-03-04 15:12:38] INFO     data_pipeline.corridor_pipeline | Queried 10 corridor aggregation rows for date_key=20260304
[2026-03-04 15:12:38] INFO     data_pipeline.CorridorTransformer | Transformed 10 corridor performance records
[2026-03-04 15:12:38] WARNING  data_pipeline.CorridorPerformanceLoader | Could not create partition fact_corridor_performance_202603: (psycopg2.errors.InvalidObjectDefinition) "fact_corridor_performance" is not partitioned

[SQL: CREATE TABLE IF NOT EXISTS fact_corridor_performance_202603 PARTITION OF fact_corridor_performance FOR VALUES FROM (20260301) TO (20260401)]
(Background on this error at: https://sqlalche.me/e/20/f405)
[2026-03-04 15:12:38] INFO     data_pipeline.CorridorPerformanceLoader | Batch 1: upserted 10/10 rows
[2026-03-04 15:12:38] INFO     data_pipeline.corridor_pipeline | Loaded 10 records → fact_corridor_performance
[2026-03-04 15:12:38] INFO     data_pipeline.main | [run-batch] corridor_pipeline: 10 records
