2026-02-27 21:57:24 | INFO     | ============================================================
2026-02-27 21:57:24 | INFO     |   SMART TRAFFIC IOC – Database Schema Initialization
2026-02-27 21:57:24 | INFO     |   Thời gian: 2026-02-27 21:57:24
2026-02-27 21:57:24 | INFO     |   Log file : C:\Users\Thanh Dung\Documents\MYDATA\BKU\4\2\DATN\project_folder\traffic-ioc\infrastructure\postgres\logs\run_20260227_215724.log
2026-02-27 21:57:24 | INFO     | ============================================================
2026-02-27 21:57:24 | INFO     | Đã load .env từ: C:\Users\Thanh Dung\Documents\MYDATA\BKU\4\2\DATN\project_folder\traffic-ioc\infrastructure\.env
2026-02-27 21:57:24 | DEBUG    | DB config: host=postgres, port=5432, dbname=datn-traffic-ioc, user=postgres, sslmode=disable
2026-02-27 21:57:24 | INFO     | 
2026-02-27 21:57:24 | INFO     | Kiểm tra file SQL:
2026-02-27 21:57:24 | INFO     |   ✓ 1_init_extensions.sql (811 bytes)
2026-02-27 21:57:24 | INFO     |   ✓ 2_create_dims.sql (8,521 bytes)
2026-02-27 21:57:24 | INFO     |   ✓ 3_create_facts.sql (12,632 bytes)
2026-02-27 21:57:24 | INFO     |   ✓ 4_indexes.sql (8,339 bytes)
2026-02-27 21:57:24 | INFO     | 
2026-02-27 21:57:24 | INFO     | Đang kết nối tới postgres@postgres:5432/datn-traffic-ioc ...
2026-02-27 21:57:27 | CRITICAL | Không thể kết nối database!
2026-02-27 21:57:27 | CRITICAL | Chi tiết lỗi: could not translate host name "postgres" to address: Name or service not known

2026-02-27 21:57:27 | DEBUG    | Traceback (most recent call last):
  File "C:\Users\Thanh Dung\Documents\MYDATA\BKU\4\2\DATN\project_folder\traffic-ioc\infrastructure\postgres\run.py", line 97, in connect_db
    conn = psycopg2.connect(
           ^^^^^^^^^^^^^^^^^
  File "C:\Users\Thanh Dung\AppData\Local\Programs\Python\Python312\Lib\site-packages\psycopg2\__init__.py", line 135, in connect
    conn = _connect(dsn, connection_factory=connection_factory, **kwasync)
           ^^^^^^^^^^^^^^^^^^^^^^^^^^^^^^^^^^^^^^^^^^^^^^^^^^^^^^^^^^^^^^^
psycopg2.OperationalError: could not translate host name "postgres" to address: Name or service not known


